can.c:44:6:MX_CAN1_Init	8	static
can.c:76:6:HAL_CAN_MspInit	48	static
can.c:117:6:HAL_CAN_MspDeInit	16	static
can.c:145:9:CanFilterConfig	56	static
can.c:163:9:Can_Send_sdo_Msg	40	static
can.c:177:9:MotorDisable	8	static
can.c:193:9:MotorEnable	8	static
can.c:210:9:MotorErrorClear	8	static
can.c:225:9:setAsVelocityMode	8	static
can.c:241:9:ApplyZeroVelocity	8	static
can.c:258:9:ApplyDesiredVelocity	16	static
can.c:274:9:motorInit	8	static
can.c:286:9:motorTask	8	static
can.c:305:9:keycontrolmotor	16	static
