Archive member included to satisfy reference by file (symbol)

c:/st/stm32cubeide_1.8.0/stm32cubeide/plugins/com.st.stm32cube.ide.mcu.externaltools.gnu-tools-for-stm32.9-2020-q2-update.win32_2.0.0.202105311346/tools/bin/../lib/gcc/arm-none-eabi/9.3.1/../../../../arm-none-eabi/lib/thumb/v7e-m+fp/hard\libc_nano.a(lib_a-errno.o)
                              ./Core/Src/syscalls.o (__errno)
c:/st/stm32cubeide_1.8.0/stm32cubeide/plugins/com.st.stm32cube.ide.mcu.externaltools.gnu-tools-for-stm32.9-2020-q2-update.win32_2.0.0.202105311346/tools/bin/../lib/gcc/arm-none-eabi/9.3.1/../../../../arm-none-eabi/lib/thumb/v7e-m+fp/hard\libc_nano.a(lib_a-exit.o)
                              c:/st/stm32cubeide_1.8.0/stm32cubeide/plugins/com.st.stm32cube.ide.mcu.externaltools.gnu-tools-for-stm32.9-2020-q2-update.win32_2.0.0.202105311346/tools/bin/../lib/gcc/arm-none-eabi/9.3.1/../../../../arm-none-eabi/lib/thumb/v7e-m+fp/hard/crt0.o (exit)
c:/st/stm32cubeide_1.8.0/stm32cubeide/plugins/com.st.stm32cube.ide.mcu.externaltools.gnu-tools-for-stm32.9-2020-q2-update.win32_2.0.0.202105311346/tools/bin/../lib/gcc/arm-none-eabi/9.3.1/../../../../arm-none-eabi/lib/thumb/v7e-m+fp/hard\libc_nano.a(lib_a-impure.o)
                              c:/st/stm32cubeide_1.8.0/stm32cubeide/plugins/com.st.stm32cube.ide.mcu.externaltools.gnu-tools-for-stm32.9-2020-q2-update.win32_2.0.0.202105311346/tools/bin/../lib/gcc/arm-none-eabi/9.3.1/../../../../arm-none-eabi/lib/thumb/v7e-m+fp/hard\libc_nano.a(lib_a-exit.o) (_global_impure_ptr)
c:/st/stm32cubeide_1.8.0/stm32cubeide/plugins/com.st.stm32cube.ide.mcu.externaltools.gnu-tools-for-stm32.9-2020-q2-update.win32_2.0.0.202105311346/tools/bin/../lib/gcc/arm-none-eabi/9.3.1/../../../../arm-none-eabi/lib/thumb/v7e-m+fp/hard\libc_nano.a(lib_a-init.o)
                              c:/st/stm32cubeide_1.8.0/stm32cubeide/plugins/com.st.stm32cube.ide.mcu.externaltools.gnu-tools-for-stm32.9-2020-q2-update.win32_2.0.0.202105311346/tools/bin/../lib/gcc/arm-none-eabi/9.3.1/../../../../arm-none-eabi/lib/thumb/v7e-m+fp/hard/crt0.o (__libc_init_array)
c:/st/stm32cubeide_1.8.0/stm32cubeide/plugins/com.st.stm32cube.ide.mcu.externaltools.gnu-tools-for-stm32.9-2020-q2-update.win32_2.0.0.202105311346/tools/bin/../lib/gcc/arm-none-eabi/9.3.1/../../../../arm-none-eabi/lib/thumb/v7e-m+fp/hard\libc_nano.a(lib_a-memcpy-stub.o)
                              ./Middlewares/Third_Party/FreeRTOS/Source/CMSIS_RTOS_V2/cmsis_os2.o (memcpy)
c:/st/stm32cubeide_1.8.0/stm32cubeide/plugins/com.st.stm32cube.ide.mcu.externaltools.gnu-tools-for-stm32.9-2020-q2-update.win32_2.0.0.202105311346/tools/bin/../lib/gcc/arm-none-eabi/9.3.1/../../../../arm-none-eabi/lib/thumb/v7e-m+fp/hard\libc_nano.a(lib_a-memset.o)
                              c:/st/stm32cubeide_1.8.0/stm32cubeide/plugins/com.st.stm32cube.ide.mcu.externaltools.gnu-tools-for-stm32.9-2020-q2-update.win32_2.0.0.202105311346/tools/bin/../lib/gcc/arm-none-eabi/9.3.1/../../../../arm-none-eabi/lib/thumb/v7e-m+fp/hard/crt0.o (memset)
c:/st/stm32cubeide_1.8.0/stm32cubeide/plugins/com.st.stm32cube.ide.mcu.externaltools.gnu-tools-for-stm32.9-2020-q2-update.win32_2.0.0.202105311346/tools/bin/../lib/gcc/arm-none-eabi/9.3.1/../../../../arm-none-eabi/lib/thumb/v7e-m+fp/hard\libc_nano.a(lib_a-printf.o)
                              ./Core/Src/bsp_spi.o (printf)
c:/st/stm32cubeide_1.8.0/stm32cubeide/plugins/com.st.stm32cube.ide.mcu.externaltools.gnu-tools-for-stm32.9-2020-q2-update.win32_2.0.0.202105311346/tools/bin/../lib/gcc/arm-none-eabi/9.3.1/../../../../arm-none-eabi/lib/thumb/v7e-m+fp/hard\libc_nano.a(lib_a-puts.o)
                              ./Core/Src/bsp_spi.o (puts)
c:/st/stm32cubeide_1.8.0/stm32cubeide/plugins/com.st.stm32cube.ide.mcu.externaltools.gnu-tools-for-stm32.9-2020-q2-update.win32_2.0.0.202105311346/tools/bin/../lib/gcc/arm-none-eabi/9.3.1/../../../../arm-none-eabi/lib/thumb/v7e-m+fp/hard\libc_nano.a(lib_a-wbuf.o)
                              c:/st/stm32cubeide_1.8.0/stm32cubeide/plugins/com.st.stm32cube.ide.mcu.externaltools.gnu-tools-for-stm32.9-2020-q2-update.win32_2.0.0.202105311346/tools/bin/../lib/gcc/arm-none-eabi/9.3.1/../../../../arm-none-eabi/lib/thumb/v7e-m+fp/hard\libc_nano.a(lib_a-puts.o) (__swbuf_r)
c:/st/stm32cubeide_1.8.0/stm32cubeide/plugins/com.st.stm32cube.ide.mcu.externaltools.gnu-tools-for-stm32.9-2020-q2-update.win32_2.0.0.202105311346/tools/bin/../lib/gcc/arm-none-eabi/9.3.1/../../../../arm-none-eabi/lib/thumb/v7e-m+fp/hard\libc_nano.a(lib_a-wsetup.o)
                              c:/st/stm32cubeide_1.8.0/stm32cubeide/plugins/com.st.stm32cube.ide.mcu.externaltools.gnu-tools-for-stm32.9-2020-q2-update.win32_2.0.0.202105311346/tools/bin/../lib/gcc/arm-none-eabi/9.3.1/../../../../arm-none-eabi/lib/thumb/v7e-m+fp/hard\libc_nano.a(lib_a-puts.o) (__swsetup_r)
[...]
Memory Configuration

Name             Origin             Length             Attributes
CCMRAM           0x0000000010000000 0x0000000000010000 xrw
RAM              0x0000000020000000 0x0000000000020000 xrw
FLASH            0x0000000008000000 0x0000000000100000 xr
*default*        0x0000000000000000 0xffffffffffffffff

Linker script and memory map

LOAD c:/st/stm32cubeide_1.8.0/stm32cubeide/plugins/com.st.stm32cube.ide.mcu.externaltools.gnu-tools-for-stm32.9-2020-q2-update.win32_2.0.0.202105311346/tools/bin/../lib/gcc/arm-none-eabi/9.3.1/thumb/v7e-m+fp/hard/crti.o
LOAD c:/st/stm32cubeide_1.8.0/stm32cubeide/plugins/com.st.stm32cube.ide.mcu.externaltools.gnu-tools-for-stm32.9-2020-q2-update.win32_2.0.0.202105311346/tools/bin/../lib/gcc/arm-none-eabi/9.3.1/thumb/v7e-m+fp/hard/crtbegin.o
LOAD c:/st/stm32cubeide_1.8.0/stm32cubeide/plugins/com.st.stm32cube.ide.mcu.externaltools.gnu-tools-for-stm32.9-2020-q2-update.win32_2.0.0.202105311346/tools/bin/../lib/gcc/arm-none-eabi/9.3.1/../../../../arm-none-eabi/lib/thumb/v7e-m+fp/hard/crt0.o
LOAD ./Core/Src/bsp_beep.o
LOAD ./Core/Src/bsp_debug_usart.o
LOAD ./Core/Src/bsp_key.o
LOAD ./Core/Src/bsp_led.o
LOAD ./Core/Src/bsp_spi.o
LOAD ./Core/Src/can.o
LOAD ./Core/Src/freertos.o
LOAD ./Core/Src/gpio.o
LOAD ./Core/Src/main.o
LOAD ./Core/Src/spi.o
LOAD ./Core/Src/stm32f4xx_hal_msp.o
LOAD ./Core/Src/stm32f4xx_hal_timebase_tim.o
LOAD ./Core/Src/stm32f4xx_it.o
LOAD ./Core/Src/syscalls.o
LOAD ./Core/Src/sysmem.o
LOAD ./Core/Src/system_stm32f4xx.o
LOAD ./Core/Src/usart.o
LOAD ./Core/Startup/startup_stm32f407igtx.o
LOAD ./Drivers/STM32F4xx_HAL_Driver/Src/stm32f4xx_hal.o
LOAD ./Drivers/STM32F4xx_HAL_Driver/Src/stm32f4xx_hal_can.o
LOAD ./Drivers/STM32F4xx_HAL_Driver/Src/stm32f4xx_hal_cortex.o
LOAD ./Drivers/STM32F4xx_HAL_Driver/Src/stm32f4xx_hal_dma.o
LOAD ./Drivers/STM32F4xx_HAL_Driver/Src/stm32f4xx_hal_dma_ex.o
LOAD ./Drivers/STM32F4xx_HAL_Driver/Src/stm32f4xx_hal_exti.o
LOAD ./Drivers/STM32F4xx_HAL_Driver/Src/stm32f4xx_hal_flash.o
LOAD ./Drivers/STM32F4xx_HAL_Driver/Src/stm32f4xx_hal_flash_ex.o
LOAD ./Drivers/STM32F4xx_HAL_Driver/Src/stm32f4xx_hal_flash_ramfunc.o
LOAD ./Drivers/STM32F4xx_HAL_Driver/Src/stm32f4xx_hal_gpio.o
LOAD ./Drivers/STM32F4xx_HAL_Driver/Src/stm32f4xx_hal_pwr.o
LOAD ./Drivers/STM32F4xx_HAL_Driver/Src/stm32f4xx_hal_pwr_ex.o
LOAD ./Drivers/STM32F4xx_HAL_Driver/Src/stm32f4xx_hal_rcc.o
LOAD ./Drivers/STM32F4xx_HAL_Driver/Src/stm32f4xx_hal_rcc_ex.o
LOAD ./Drivers/STM32F4xx_HAL_Driver/Src/stm32f4xx_hal_spi.o
LOAD ./Drivers/STM32F4xx_HAL_Driver/Src/stm32f4xx_hal_tim.o
LOAD ./Drivers/STM32F4xx_HAL_Driver/Src/stm32f4xx_hal_tim_ex.o
LOAD ./Drivers/STM32F4xx_HAL_Driver/Src/stm32f4xx_hal_uart.o
LOAD ./Middlewares/Third_Party/FreeRTOS/Source/CMSIS_RTOS_V2/cmsis_os2.o
LOAD ./Middlewares/Third_Party/FreeRTOS/Source/croutine.o
LOAD ./Middlewares/Third_Party/FreeRTOS/Source/event_groups.o
LOAD ./Middlewares/Third_Party/FreeRTOS/Source/list.o
LOAD ./Middlewares/Third_Party/FreeRTOS/Source/queue.o
LOAD ./Middlewares/Third_Party/FreeRTOS/Source/stream_buffer.o
LOAD ./Middlewares/Third_Party/FreeRTOS/Source/tasks.o
LOAD ./Middlewares/Third_Party/FreeRTOS/Source/timers.o
LOAD ./Middlewares/Third_Party/FreeRTOS/Source/portable/GCC/ARM_CM4F/port.o
LOAD ./Middlewares/Third_Party/FreeRTOS/Source/portable/MemMang/heap_4.o
START GROUP
LOAD c:/st/stm32cubeide_1.8.0/stm32cubeide/plugins/com.st.stm32cube.ide.mcu.externaltools.gnu-tools-for-stm32.9-2020-q2-update.win32_2.0.0.202105311346/tools/bin/../lib/gcc/arm-none-eabi/9.3.1/../../../../arm-none-eabi/lib/thumb/v7e-m+fp/hard\libc_nano.a
LOAD c:/st/stm32cubeide_1.8.0/stm32cubeide/plugins/com.st.stm32cube.ide.mcu.externaltools.gnu-tools-for-stm32.9-2020-q2-update.win32_2.0.0.202105311346/tools/bin/../lib/gcc/arm-none-eabi/9.3.1/../../../../arm-none-eabi/lib/thumb/v7e-m+fp/hard\libm.a
END GROUP
START GROUP
LOAD c:/st/stm32cubeide_1.8.0/stm32cubeide/plugins/com.st.stm32cube.ide.mcu.externaltools.gnu-tools-for-stm32.9-2020-q2-update.win32_2.0.0.202105311346/tools/bin/../lib/gcc/arm-none-eabi/9.3.1/thumb/v7e-m+fp/hard\libgcc.a
LOAD c:/st/stm32cubeide_1.8.0/stm32cubeide/plugins/com.st.stm32cube.ide.mcu.externaltools.gnu-tools-for-stm32.9-2020-q2-update.win32_2.0.0.202105311346/tools/bin/../lib/gcc/arm-none-eabi/9.3.1/../../../../arm-none-eabi/lib/thumb/v7e-m+fp/hard\libc_nano.a
END GROUP
START GROUP
LOAD c:/st/stm32cubeide_1.8.0/stm32cubeide/plugins/com.st.stm32cube.ide.mcu.externaltools.gnu-tools-for-stm32.9-2020-q2-update.win32_2.0.0.202105311346/tools/bin/../lib/gcc/arm-none-eabi/9.3.1/thumb/v7e-m+fp/hard\libgcc.a
LOAD c:/st/stm32cubeide_1.8.0/stm32cubeide/plugins/com.st.stm32cube.ide.mcu.externaltools.gnu-tools-for-stm32.9-2020-q2-update.win32_2.0.0.202105311346/tools/bin/../lib/gcc/arm-none-eabi/9.3.1/../../../../arm-none-eabi/lib/thumb/v7e-m+fp/hard\libc_nano.a
LOAD c:/st/stm32cubeide_1.8.0/stm32cubeide/plugins/com.st.stm32cube.ide.mcu.externaltools.gnu-tools-for-stm32.9-2020-q2-update.win32_2.0.0.202105311346/tools/bin/../lib/gcc/arm-none-eabi/9.3.1/../../../../arm-none-eabi/lib/thumb/v7e-m+fp/hard\libnosys.a
END GROUP
START GROUP
LOAD c:/st/stm32cubeide_1.8.0/stm32cubeide/plugins/com.st.stm32cube.ide.mcu.externaltools.gnu-tools-for-stm32.9-2020-q2-update.win32_2.0.0.202105311346/tools/bin/../lib/gcc/arm-none-eabi/9.3.1/thumb/v7e-m+fp/hard\libgcc.a
LOAD c:/st/stm32cubeide_1.8.0/stm32cubeide/plugins/com.st.stm32cube.ide.mcu.externaltools.gnu-tools-for-stm32.9-2020-q2-update.win32_2.0.0.202105311346/tools/bin/../lib/gcc/arm-none-eabi/9.3.1/../../../../arm-none-eabi/lib/thumb/v7e-m+fp/hard\libc_nano.a
LOAD c:/st/stm32cubeide_1.8.0/stm32cubeide/plugins/com.st.stm32cube.ide.mcu.externaltools.gnu-tools-for-stm32.9-2020-q2-update.win32_2.0.0.202105311346/tools/bin/../lib/gcc/arm-none-eabi/9.3.1/../../../../arm-none-eabi/lib/thumb/v7e-m+fp/hard\libnosys.a
END GROUP
LOAD c:/st/stm32cubeide_1.8.0/stm32cubeide/plugins/com.st.stm32cube.ide.mcu.externaltools.gnu-tools-for-stm32.9-2020-q2-update.win32_2.0.0.202105311346/tools/bin/../lib/gcc/arm-none-eabi/9.3.1/thumb/v7e-m+fp/hard/crtend.o
LOAD c:/st/stm32cubeide_1.8.0/stm32cubeide/plugins/com.st.stm32cube.ide.mcu.externaltools.gnu-tools-for-stm32.9-2020-q2-update.win32_2.0.0.202105311346/tools/bin/../lib/gcc/arm-none-eabi/9.3.1/thumb/v7e-m+fp/hard/crtn.o
                0x0000000020020000                _estack = (ORIGIN (RAM) + LENGTH (RAM))
                0x0000000000000200                _Min_Heap_Size = 0x200
                0x0000000000000400                _Min_Stack_Size = 0x400

.isr_vector     0x0000000008000000      0x188
                0x0000000008000000                . = ALIGN (0x4)
 *(.isr_vector)
 .isr_vector    0x0000000008000000      0x188 ./Core/Startup/startup_stm32f407igtx.o
                0x0000000008000000                g_pfnVectors
                0x0000000008000188                . = ALIGN (0x4)

.text           0x0000000008000190     0x853c
                0x0000000008000190                . = ALIGN (0x4)
 *(.text)
 .text          0x0000000008000190       0x40 c:/st/stm32cubeide_1.8.0/stm32cubeide/plugins/com.st.stm32cube.ide.mcu.externaltools.gnu-tools-for-stm32.9-2020-q2-update.win32_2.0.0.202105311346/tools/bin/../lib/gcc/arm-none-eabi/9.3.1/thumb/v7e-m+fp/hard/crtbegin.o
 .text          0x00000000080001d0       0xa0 c:/st/stm32cubeide_1.8.0/stm32cubeide/plugins/com.st.stm32cube.ide.mcu.externaltools.gnu-tools-for-stm32.9-2020-q2-update.win32_2.0.0.202105311346/tools/bin/../lib/gcc/arm-none-eabi/9.3.1/../../../../arm-none-eabi/lib/thumb/v7e-m+fp/hard\libc_nano.a(lib_a-memchr.o)
                0x00000000080001d0                memchr
 .text          0x0000000008000270       0x30 c:/st/stm32cubeide_1.8.0/stm32cubeide/plugins/com.st.stm32cube.ide.mcu.externaltools.gnu-tools-for-stm32.9-2020-q2-update.win32_2.0.0.202105311346/tools/bin/../lib/gcc/arm-none-eabi/9.3.1/thumb/v7e-m+fp/hard\libgcc.a(_aeabi_uldivmod.o)
                0x0000000008000270                __aeabi_uldivmod
 .text          0x00000000080002a0      0x2c4 c:/st/stm32cubeide_1.8.0/stm32cubeide/plugins/com.st.stm32cube.ide.mcu.externaltools.gnu-tools-for-stm32.9-2020-q2-update.win32_2.0.0.202105311346/tools/bin/../lib/gcc/arm-none-eabi/9.3.1/thumb/v7e-m+fp/hard\libgcc.a(_udivmoddi4.o)
                0x00000000080002a0                __udivmoddi4
 .text          0x0000000008000564        0x4 c:/st/stm32cubeide_1.8.0/stm32cubeide/plugins/com.st.stm32cube.ide.mcu.externaltools.gnu-tools-for-stm32.9-2020-q2-update.win32_2.0.0.202105311346/tools/bin/../lib/gcc/arm-none-eabi/9.3.1/thumb/v7e-m+fp/hard\libgcc.a(_dvmd_tls.o)
                0x0000000008000564                __aeabi_idiv0
                0x0000000008000564                __aeabi_ldiv0
 *(.text*)
 .text.BEEP_GPIO_Init
                0x0000000008000568       0x18 ./Core/Src/bsp_beep.o
                0x0000000008000568                BEEP_GPIO_Init
 .text.BEEP_StateSet
                0x0000000008000580       0x38 ./Core/Src/bsp_beep.o
                0x0000000008000580                BEEP_StateSet
 .text.didi     0x00000000080005b8       0x32 ./Core/Src/bsp_beep.o
                0x00000000080005b8                didi
 *fill*         0x00000000080005ea        0x2 
 .text.KEY1_StateRead
                0x00000000080005ec       0x44 ./Core/Src/bsp_key.o
                0x00000000080005ec                KEY1_StateRead
 .text.KEY2_StateRead
                0x0000000008000630       0x44 ./Core/Src/bsp_key.o
                0x0000000008000630                KEY2_StateRead
 .text.KEY3_StateRead
                0x0000000008000674       0x44 ./Core/Src/bsp_key.o
                0x0000000008000674                KEY3_StateRead
 .text.KEY4_StateRead
                0x00000000080006b8       0x44 ./Core/Src/bsp_key.o
                0x00000000080006b8                KEY4_StateRead
 .text.KEY5_StateRead
                0x00000000080006fc       0x44 ./Core/Src/bsp_key.o
                0x00000000080006fc                KEY5_StateRead
 .text.bsp_LED_GPIO_Init
                0x0000000008000740       0xd8 ./Core/Src/bsp_led.o
                0x0000000008000740                bsp_LED_GPIO_Init
 .text.bsp_SystemClock_Config
                0x0000000008000818       0xd0 ./Core/Src/bsp_spi.o
                0x0000000008000818                bsp_SystemClock_Config
 .text.bsp_SPIx_Init
                0x00000000080008e8       0x74 ./Core/Src/bsp_spi.o
                0x00000000080008e8                bsp_SPIx_Init
 .text.SPIx_ReadWriteByte
                0x000000000800095c       0x38 ./Core/Src/bsp_spi.o
                0x000000000800095c                SPIx_ReadWriteByte
 .text.SPIx_Write_Reg
                0x0000000008000994       0x58 ./Core/Src/bsp_spi.o
                0x0000000008000994                SPIx_Write_Reg
 .text.SPIx_Read_Reg
                0x00000000080009ec       0x4c ./Core/Src/bsp_spi.o
                0x00000000080009ec                SPIx_Read_Reg
 .text.Si4432reset_IRQ_Reg
                0x0000000008000a38       0xa8 ./Core/Src/bsp_spi.o
                0x0000000008000a38                Si4432reset_IRQ_Reg
 .text.Si4432config
                0x0000000008000ae0      0x220 ./Core/Src/bsp_spi.o
                0x0000000008000ae0                Si4432config
 .text.Si4432startTransmit
                0x0000000008000d00      0x138 ./Core/Src/bsp_spi.o
                0x0000000008000d00                Si4432startTransmit
 .text.MX_CAN1_Init
                0x0000000008000e38       0x6c ./Core/Src/can.o
                0x0000000008000e38                MX_CAN1_Init
 .text.HAL_CAN_MspInit
                0x0000000008000ea4       0xe4 ./Core/Src/can.o
                0x0000000008000ea4                HAL_CAN_MspInit
 .text.MX_FREERTOS_Init
                0x0000000008000f88       0x78 ./Core/Src/freertos.o
                0x0000000008000f88                MX_FREERTOS_Init
 .text.StartDefaultTask
                0x0000000008001000       0x10 ./Core/Src/freertos.o
                0x0000000008001000                StartDefaultTask
 .text.flashlight
                0x0000000008001010       0x40 ./Core/Src/freertos.o
                0x0000000008001010                flashlight
 .text.candrive_task
                0x0000000008001050       0x10 ./Core/Src/freertos.o
                0x0000000008001050                candrive_task
 .text.beep     0x0000000008001060      0x13c ./Core/Src/freertos.o
                0x0000000008001060                beep
 .text.MX_GPIO_Init
                0x000000000800119c      0x1a4 ./Core/Src/gpio.o
                0x000000000800119c                MX_GPIO_Init
 .text.__io_putchar
                0x0000000008001340       0x24 ./Core/Src/main.o
                0x0000000008001340                __io_putchar
 .text._write   0x0000000008001364       0x38 ./Core/Src/main.o
                0x0000000008001364                _write
 .text.main     0x000000000800139c       0x36 ./Core/Src/main.o
                0x000000000800139c                main
 *fill*         0x00000000080013d2        0x2 
 .text.SystemClock_Config
                0x00000000080013d4       0xd4 ./Core/Src/main.o
                0x00000000080013d4                SystemClock_Config
 .text.HAL_TIM_PeriodElapsedCallback
                0x00000000080014a8       0x24 ./Core/Src/main.o
                0x00000000080014a8                HAL_TIM_PeriodElapsedCallback
 .text.Error_Handler
                0x00000000080014cc        0xa ./Core/Src/main.o
                0x00000000080014cc                Error_Handler
 *fill*         0x00000000080014d6        0x2 
 .text.MX_SPI1_Init
                0x00000000080014d8       0x6c ./Core/Src/spi.o
                0x00000000080014d8                MX_SPI1_Init
 .text.HAL_SPI_MspInit
                0x0000000008001544       0xd0 ./Core/Src/spi.o
                0x0000000008001544                HAL_SPI_MspInit
 .text.HAL_MspInit
                0x0000000008001614       0x58 ./Core/Src/stm32f4xx_hal_msp.o
                0x0000000008001614                HAL_MspInit
 .text.HAL_InitTick
                0x000000000800166c       0xb4 ./Core/Src/stm32f4xx_hal_timebase_tim.o
                0x000000000800166c                HAL_InitTick
 .text.NMI_Handler
                0x0000000008001720        0x6 ./Core/Src/stm32f4xx_it.o
                0x0000000008001720                NMI_Handler
 .text.HardFault_Handler
                0x0000000008001726        0x6 ./Core/Src/stm32f4xx_it.o
                0x0000000008001726                HardFault_Handler
 .text.MemManage_Handler
                0x000000000800172c        0x6 ./Core/Src/stm32f4xx_it.o
                0x000000000800172c                MemManage_Handler
 .text.BusFault_Handler
                0x0000000008001732        0x6 ./Core/Src/stm32f4xx_it.o
                0x0000000008001732                BusFault_Handler
 .text.UsageFault_Handler
                0x0000000008001738        0x6 ./Core/Src/stm32f4xx_it.o
                0x0000000008001738                UsageFault_Handler
 .text.DebugMon_Handler
                0x000000000800173e        0xe ./Core/Src/stm32f4xx_it.o
                0x000000000800173e                DebugMon_Handler
 .text.CAN1_RX0_IRQHandler
                0x000000000800174c       0x14 ./Core/Src/stm32f4xx_it.o
                0x000000000800174c                CAN1_RX0_IRQHandler
 .text.TIM1_UP_TIM10_IRQHandler
                0x0000000008001760       0x14 ./Core/Src/stm32f4xx_it.o
                0x0000000008001760                TIM1_UP_TIM10_IRQHandler
 .text.USART1_IRQHandler
                0x0000000008001774       0x14 ./Core/Src/stm32f4xx_it.o
                0x0000000008001774                USART1_IRQHandler
 .text._read    0x0000000008001788       0x3a ./Core/Src/syscalls.o
                0x0000000008001788                _read
 .text._close   0x00000000080017c2       0x18 ./Core/Src/syscalls.o
                0x00000000080017c2                _close
 .text._fstat   0x00000000080017da       0x20 ./Core/Src/syscalls.o
                0x00000000080017da                _fstat
 .text._isatty  0x00000000080017fa       0x16 ./Core/Src/syscalls.o
                0x00000000080017fa                _isatty
 .text._lseek   0x0000000008001810       0x1a ./Core/Src/syscalls.o
                0x0000000008001810                _lseek
 *fill*         0x000000000800182a        0x2 
 .text._sbrk    0x000000000800182c       0x6c ./Core/Src/sysmem.o
                0x000000000800182c                _sbrk
 .text.SystemInit
                0x0000000008001898       0x24 ./Core/Src/system_stm32f4xx.o
                0x0000000008001898                SystemInit
 .text.MX_USART1_UART_Init
                0x00000000080018bc       0x54 ./Core/Src/usart.o
                0x00000000080018bc                MX_USART1_UART_Init
 .text.HAL_UART_MspInit
                0x0000000008001910       0xa0 ./Core/Src/usart.o
                0x0000000008001910                HAL_UART_MspInit
 .text.Reset_Handler
                0x00000000080019b0       0x50 ./Core/Startup/startup_stm32f407igtx.o
                0x00000000080019b0                Reset_Handler
 .text.Default_Handler
                0x0000000008001a00        0x2 ./Core/Startup/startup_stm32f407igtx.o
                0x0000000008001a00                RTC_Alarm_IRQHandler
                0x0000000008001a00                HASH_RNG_IRQHandler
                0x0000000008001a00                EXTI2_IRQHandler
                0x0000000008001a00                TIM8_CC_IRQHandler
                0x0000000008001a00                TIM1_CC_IRQHandler
                0x0000000008001a00                DMA2_Stream5_IRQHandler
                0x0000000008001a00                DMA1_Stream5_IRQHandler
                0x0000000008001a00                PVD_IRQHandler
                0x0000000008001a00                SDIO_IRQHandler
                0x0000000008001a00                TAMP_STAMP_IRQHandler
                0x0000000008001a00                CAN2_RX1_IRQHandler
                0x0000000008001a00                EXTI3_IRQHandler
                0x0000000008001a00                TIM8_TRG_COM_TIM14_IRQHandler
                0x0000000008001a00                TIM8_UP_TIM13_IRQHandler
                0x0000000008001a00                I2C3_ER_IRQHandler
                0x0000000008001a00                EXTI0_IRQHandler
                0x0000000008001a00                I2C2_EV_IRQHandler
                0x0000000008001a00                DMA1_Stream2_IRQHandler
                0x0000000008001a00                FPU_IRQHandler
                0x0000000008001a00                OTG_HS_WKUP_IRQHandler
                0x0000000008001a00                CAN2_SCE_IRQHandler
                0x0000000008001a00                DMA2_Stream2_IRQHandler
                0x0000000008001a00                SPI1_IRQHandler
                0x0000000008001a00                TIM6_DAC_IRQHandler
                0x0000000008001a00                TIM1_BRK_TIM9_IRQHandler
                0x0000000008001a00                DCMI_IRQHandler
                0x0000000008001a00                CAN2_RX0_IRQHandler
                0x0000000008001a00                DMA2_Stream3_IRQHandler
                0x0000000008001a00                USART6_IRQHandler
                0x0000000008001a00                USART3_IRQHandler
                0x0000000008001a00                CAN1_RX1_IRQHandler
                0x0000000008001a00                UART5_IRQHandler
                0x0000000008001a00                DMA2_Stream0_IRQHandler
                0x0000000008001a00                TIM4_IRQHandler
                0x0000000008001a00                I2C1_EV_IRQHandler
                0x0000000008001a00                DMA1_Stream6_IRQHandler
                0x0000000008001a00                DMA1_Stream1_IRQHandler
                0x0000000008001a00                UART4_IRQHandler
                0x0000000008001a00                TIM3_IRQHandler
                0x0000000008001a00                RCC_IRQHandler
                0x0000000008001a00                TIM8_BRK_TIM12_IRQHandler
                0x0000000008001a00                Default_Handler
                0x0000000008001a00                EXTI15_10_IRQHandler
                0x0000000008001a00                ADC_IRQHandler
                0x0000000008001a00                DMA1_Stream7_IRQHandler
                0x0000000008001a00                TIM7_IRQHandler
                0x0000000008001a00                CAN2_TX_IRQHandler
                0x0000000008001a00                TIM5_IRQHandler
                0x0000000008001a00                DMA2_Stream7_IRQHandler
                0x0000000008001a00                I2C3_EV_IRQHandler
                0x0000000008001a00                EXTI9_5_IRQHandler
                0x0000000008001a00                RTC_WKUP_IRQHandler
                0x0000000008001a00                ETH_WKUP_IRQHandler
                0x0000000008001a00                SPI2_IRQHandler
                0x0000000008001a00                OTG_HS_EP1_IN_IRQHandler
                0x0000000008001a00                DMA1_Stream0_IRQHandler
                0x0000000008001a00                CAN1_TX_IRQHandler
                0x0000000008001a00                EXTI4_IRQHandler
                0x0000000008001a00                FSMC_IRQHandler
                0x0000000008001a00                ETH_IRQHandler
                0x0000000008001a00                OTG_HS_EP1_OUT_IRQHandler
                0x0000000008001a00                WWDG_IRQHandler
                0x0000000008001a00                TIM2_IRQHandler
                0x0000000008001a00                OTG_FS_WKUP_IRQHandler
                0x0000000008001a00                TIM1_TRG_COM_TIM11_IRQHandler
                0x0000000008001a00                OTG_HS_IRQHandler
                0x0000000008001a00                EXTI1_IRQHandler
                0x0000000008001a00                USART2_IRQHandler
                0x0000000008001a00                I2C2_ER_IRQHandler
                0x0000000008001a00                DMA2_Stream1_IRQHandler
                0x0000000008001a00                CAN1_SCE_IRQHandler
                0x0000000008001a00                FLASH_IRQHandler
                0x0000000008001a00                DMA2_Stream4_IRQHandler
                0x0000000008001a00                OTG_FS_IRQHandler
                0x0000000008001a00                SPI3_IRQHandler
                0x0000000008001a00                DMA1_Stream4_IRQHandler
                0x0000000008001a00                I2C1_ER_IRQHandler
                0x0000000008001a00                DMA2_Stream6_IRQHandler
                0x0000000008001a00                DMA1_Stream3_IRQHandler
 *fill*         0x0000000008001a02        0x2 
 .text.HAL_Init
                0x0000000008001a04       0x44 ./Drivers/STM32F4xx_HAL_Driver/Src/stm32f4xx_hal.o
                0x0000000008001a04                HAL_Init
 .text.HAL_IncTick
                0x0000000008001a48       0x28 ./Drivers/STM32F4xx_HAL_Driver/Src/stm32f4xx_hal.o
                0x0000000008001a48                HAL_IncTick
 .text.HAL_GetTick
                0x0000000008001a70       0x18 ./Drivers/STM32F4xx_HAL_Driver/Src/stm32f4xx_hal.o
                0x0000000008001a70                HAL_GetTick
 .text.HAL_Delay
                0x0000000008001a88       0x48 ./Drivers/STM32F4xx_HAL_Driver/Src/stm32f4xx_hal.o
                0x0000000008001a88                HAL_Delay
 .text.HAL_CAN_Init
                0x0000000008001ad0      0x1f6 ./Drivers/STM32F4xx_HAL_Driver/Src/stm32f4xx_hal_can.o
                0x0000000008001ad0                HAL_CAN_Init
 .text.HAL_CAN_IRQHandler
                0x0000000008001cc6      0x36e ./Drivers/STM32F4xx_HAL_Driver/Src/stm32f4xx_hal_can.o
                0x0000000008001cc6                HAL_CAN_IRQHandler
 .text.HAL_CAN_TxMailbox0CompleteCallback
                0x0000000008002034       0x14 ./Drivers/STM32F4xx_HAL_Driver/Src/stm32f4xx_hal_can.o
                0x0000000008002034                HAL_CAN_TxMailbox0CompleteCallback
 .text.HAL_CAN_TxMailbox1CompleteCallback
                0x0000000008002048       0x14 ./Drivers/STM32F4xx_HAL_Driver/Src/stm32f4xx_hal_can.o
                0x0000000008002048                HAL_CAN_TxMailbox1CompleteCallback
 .text.HAL_CAN_TxMailbox2CompleteCallback
                0x000000000800205c       0x14 ./Drivers/STM32F4xx_HAL_Driver/Src/stm32f4xx_hal_can.o
                0x000000000800205c                HAL_CAN_TxMailbox2CompleteCallback
 .text.HAL_CAN_TxMailbox0AbortCallback
                0x0000000008002070       0x14 ./Drivers/STM32F4xx_HAL_Driver/Src/stm32f4xx_hal_can.o
                0x0000000008002070                HAL_CAN_TxMailbox0AbortCallback
 .text.HAL_CAN_TxMailbox1AbortCallback
                0x0000000008002084       0x14 ./Drivers/STM32F4xx_HAL_Driver/Src/stm32f4xx_hal_can.o
                0x0000000008002084                HAL_CAN_TxMailbox1AbortCallback
 .text.HAL_CAN_TxMailbox2AbortCallback
                0x0000000008002098       0x14 ./Drivers/STM32F4xx_HAL_Driver/Src/stm32f4xx_hal_can.o
                0x0000000008002098                HAL_CAN_TxMailbox2AbortCallback
 .text.HAL_CAN_RxFifo0MsgPendingCallback
                0x00000000080020ac       0x14 ./Drivers/STM32F4xx_HAL_Driver/Src/stm32f4xx_hal_can.o
                0x00000000080020ac                HAL_CAN_RxFifo0MsgPendingCallback
 .text.HAL_CAN_RxFifo0FullCallback
                0x00000000080020c0       0x14 ./Drivers/STM32F4xx_HAL_Driver/Src/stm32f4xx_hal_can.o
                0x00000000080020c0                HAL_CAN_RxFifo0FullCallback
 .text.HAL_CAN_RxFifo1MsgPendingCallback
                0x00000000080020d4       0x14 ./Drivers/STM32F4xx_HAL_Driver/Src/stm32f4xx_hal_can.o
                0x00000000080020d4                HAL_CAN_RxFifo1MsgPendingCallback
 .text.HAL_CAN_RxFifo1FullCallback
                0x00000000080020e8       0x14 ./Drivers/STM32F4xx_HAL_Driver/Src/stm32f4xx_hal_can.o
                0x00000000080020e8                HAL_CAN_RxFifo1FullCallback
 .text.HAL_CAN_SleepCallback
                0x00000000080020fc       0x14 ./Drivers/STM32F4xx_HAL_Driver/Src/stm32f4xx_hal_can.o
                0x00000000080020fc                HAL_CAN_SleepCallback
 .text.HAL_CAN_WakeUpFromRxMsgCallback
                0x0000000008002110       0x14 ./Drivers/STM32F4xx_HAL_Driver/Src/stm32f4xx_hal_can.o
                0x0000000008002110                HAL_CAN_WakeUpFromRxMsgCallback
 .text.HAL_CAN_ErrorCallback
                0x0000000008002124       0x14 ./Drivers/STM32F4xx_HAL_Driver/Src/stm32f4xx_hal_can.o
                0x0000000008002124                HAL_CAN_ErrorCallback
 .text.__NVIC_SetPriorityGrouping
                0x0000000008002138       0x48 ./Drivers/STM32F4xx_HAL_Driver/Src/stm32f4xx_hal_cortex.o
 .text.__NVIC_GetPriorityGrouping
                0x0000000008002180       0x1c ./Drivers/STM32F4xx_HAL_Driver/Src/stm32f4xx_hal_cortex.o
 .text.__NVIC_EnableIRQ
                0x000000000800219c       0x3c ./Drivers/STM32F4xx_HAL_Driver/Src/stm32f4xx_hal_cortex.o
 .text.__NVIC_SetPriority
                0x00000000080021d8       0x54 ./Drivers/STM32F4xx_HAL_Driver/Src/stm32f4xx_hal_cortex.o
 .text.NVIC_EncodePriority
                0x000000000800222c       0x66 ./Drivers/STM32F4xx_HAL_Driver/Src/stm32f4xx_hal_cortex.o
 *fill*         0x0000000008002292        0x2 
 .text.SysTick_Config
                0x0000000008002294       0x44 ./Drivers/STM32F4xx_HAL_Driver/Src/stm32f4xx_hal_cortex.o
 .text.HAL_NVIC_SetPriorityGrouping
                0x00000000080022d8       0x16 ./Drivers/STM32F4xx_HAL_Driver/Src/stm32f4xx_hal_cortex.o
                0x00000000080022d8                HAL_NVIC_SetPriorityGrouping
 .text.HAL_NVIC_SetPriority
                0x00000000080022ee       0x38 ./Drivers/STM32F4xx_HAL_Driver/Src/stm32f4xx_hal_cortex.o
                0x00000000080022ee                HAL_NVIC_SetPriority
 .text.HAL_NVIC_EnableIRQ
                0x0000000008002326       0x1c ./Drivers/STM32F4xx_HAL_Driver/Src/stm32f4xx_hal_cortex.o
                0x0000000008002326                HAL_NVIC_EnableIRQ
 .text.HAL_SYSTICK_Config
                0x0000000008002342       0x18 ./Drivers/STM32F4xx_HAL_Driver/Src/stm32f4xx_hal_cortex.o
                0x0000000008002342                HAL_SYSTICK_Config
 *fill*         0x000000000800235a        0x2 
 .text.HAL_SYSTICK_CLKSourceConfig
                0x000000000800235c       0x38 ./Drivers/STM32F4xx_HAL_Driver/Src/stm32f4xx_hal_cortex.o
                0x000000000800235c                HAL_SYSTICK_CLKSourceConfig
 .text.HAL_DMA_Abort
                0x0000000008002394       0xe0 ./Drivers/STM32F4xx_HAL_Driver/Src/stm32f4xx_hal_dma.o
                0x0000000008002394                HAL_DMA_Abort
 .text.HAL_DMA_Abort_IT
                0x0000000008002474       0x44 ./Drivers/STM32F4xx_HAL_Driver/Src/stm32f4xx_hal_dma.o
                0x0000000008002474                HAL_DMA_Abort_IT
 .text.HAL_GPIO_Init
                0x00000000080024b8      0x338 ./Drivers/STM32F4xx_HAL_Driver/Src/stm32f4xx_hal_gpio.o
                0x00000000080024b8                HAL_GPIO_Init
 .text.HAL_GPIO_ReadPin
                0x00000000080027f0       0x30 ./Drivers/STM32F4xx_HAL_Driver/Src/stm32f4xx_hal_gpio.o
                0x00000000080027f0                HAL_GPIO_ReadPin
 .text.HAL_GPIO_WritePin
                0x0000000008002820       0x32 ./Drivers/STM32F4xx_HAL_Driver/Src/stm32f4xx_hal_gpio.o
                0x0000000008002820                HAL_GPIO_WritePin
 *fill*         0x0000000008002852        0x2 
 .text.HAL_RCC_OscConfig
                0x0000000008002854      0x4f0 ./Drivers/STM32F4xx_HAL_Driver/Src/stm32f4xx_hal_rcc.o
                0x0000000008002854                HAL_RCC_OscConfig
 .text.HAL_RCC_ClockConfig
                0x0000000008002d44      0x1cc ./Drivers/STM32F4xx_HAL_Driver/Src/stm32f4xx_hal_rcc.o
                0x0000000008002d44                HAL_RCC_ClockConfig
 .text.HAL_RCC_EnableCSS
                0x0000000008002f10       0x18 ./Drivers/STM32F4xx_HAL_Driver/Src/stm32f4xx_hal_rcc.o
                0x0000000008002f10                HAL_RCC_EnableCSS
 .text.HAL_RCC_GetSysClockFreq
                0x0000000008002f28      0x16c ./Drivers/STM32F4xx_HAL_Driver/Src/stm32f4xx_hal_rcc.o
                0x0000000008002f28                HAL_RCC_GetSysClockFreq
 .text.HAL_RCC_GetHCLKFreq
                0x0000000008003094       0x18 ./Drivers/STM32F4xx_HAL_Driver/Src/stm32f4xx_hal_rcc.o
                0x0000000008003094                HAL_RCC_GetHCLKFreq
 .text.HAL_RCC_GetPCLK1Freq
                0x00000000080030ac       0x28 ./Drivers/STM32F4xx_HAL_Driver/Src/stm32f4xx_hal_rcc.o
                0x00000000080030ac                HAL_RCC_GetPCLK1Freq
 .text.HAL_RCC_GetPCLK2Freq
                0x00000000080030d4       0x28 ./Drivers/STM32F4xx_HAL_Driver/Src/stm32f4xx_hal_rcc.o
                0x00000000080030d4                HAL_RCC_GetPCLK2Freq
 .text.HAL_RCC_GetClockConfig
                0x00000000080030fc       0x64 ./Drivers/STM32F4xx_HAL_Driver/Src/stm32f4xx_hal_rcc.o
                0x00000000080030fc                HAL_RCC_GetClockConfig
 .text.HAL_SPI_Init
                0x0000000008003160      0x112 ./Drivers/STM32F4xx_HAL_Driver/Src/stm32f4xx_hal_spi.o
                0x0000000008003160                HAL_SPI_Init
 .text.HAL_SPI_TransmitReceive
                0x0000000008003272      0x344 ./Drivers/STM32F4xx_HAL_Driver/Src/stm32f4xx_hal_spi.o
                0x0000000008003272                HAL_SPI_TransmitReceive
 *fill*         0x00000000080035b6        0x2 
 .text.SPI_WaitFlagStateUntilTimeout
                0x00000000080035b8      0x110 ./Drivers/STM32F4xx_HAL_Driver/Src/stm32f4xx_hal_spi.o
 .text.SPI_EndRxTxTransaction
                0x00000000080036c8       0x84 ./Drivers/STM32F4xx_HAL_Driver/Src/stm32f4xx_hal_spi.o
 .text.HAL_TIM_Base_Init
                0x000000000800374c       0x9e ./Drivers/STM32F4xx_HAL_Driver/Src/stm32f4xx_hal_tim.o
                0x000000000800374c                HAL_TIM_Base_Init
 .text.HAL_TIM_Base_MspInit
                0x00000000080037ea       0x14 ./Drivers/STM32F4xx_HAL_Driver/Src/stm32f4xx_hal_tim.o
                0x00000000080037ea                HAL_TIM_Base_MspInit
 *fill*         0x00000000080037fe        0x2 
 .text.HAL_TIM_Base_Start_IT
                0x0000000008003800       0xe0 ./Drivers/STM32F4xx_HAL_Driver/Src/stm32f4xx_hal_tim.o
                0x0000000008003800                HAL_TIM_Base_Start_IT
 .text.HAL_TIM_IRQHandler
                0x00000000080038e0      0x210 ./Drivers/STM32F4xx_HAL_Driver/Src/stm32f4xx_hal_tim.o
                0x00000000080038e0                HAL_TIM_IRQHandler
 .text.HAL_TIM_OC_DelayElapsedCallback
                0x0000000008003af0       0x14 ./Drivers/STM32F4xx_HAL_Driver/Src/stm32f4xx_hal_tim.o
                0x0000000008003af0                HAL_TIM_OC_DelayElapsedCallback
 .text.HAL_TIM_IC_CaptureCallback
                0x0000000008003b04       0x14 ./Drivers/STM32F4xx_HAL_Driver/Src/stm32f4xx_hal_tim.o
                0x0000000008003b04                HAL_TIM_IC_CaptureCallback
 .text.HAL_TIM_PWM_PulseFinishedCallback
                0x0000000008003b18       0x14 ./Drivers/STM32F4xx_HAL_Driver/Src/stm32f4xx_hal_tim.o
                0x0000000008003b18                HAL_TIM_PWM_PulseFinishedCallback
 .text.HAL_TIM_TriggerCallback
                0x0000000008003b2c       0x14 ./Drivers/STM32F4xx_HAL_Driver/Src/stm32f4xx_hal_tim.o
                0x0000000008003b2c                HAL_TIM_TriggerCallback
 .text.TIM_Base_SetConfig
                0x0000000008003b40      0x140 ./Drivers/STM32F4xx_HAL_Driver/Src/stm32f4xx_hal_tim.o
                0x0000000008003b40                TIM_Base_SetConfig
 .text.HAL_TIMEx_CommutCallback
                0x0000000008003c80       0x14 ./Drivers/STM32F4xx_HAL_Driver/Src/stm32f4xx_hal_tim_ex.o
                0x0000000008003c80                HAL_TIMEx_CommutCallback
 .text.HAL_TIMEx_BreakCallback
                0x0000000008003c94       0x14 ./Drivers/STM32F4xx_HAL_Driver/Src/stm32f4xx_hal_tim_ex.o
                0x0000000008003c94                HAL_TIMEx_BreakCallback
 .text.HAL_UART_Init
                0x0000000008003ca8       0x9a ./Drivers/STM32F4xx_HAL_Driver/Src/stm32f4xx_hal_uart.o
                0x0000000008003ca8                HAL_UART_Init
 .text.HAL_UART_Transmit
                0x0000000008003d42      0x124 ./Drivers/STM32F4xx_HAL_Driver/Src/stm32f4xx_hal_uart.o
                0x0000000008003d42                HAL_UART_Transmit
 *fill*         0x0000000008003e66        0x2 
 .text.HAL_UART_IRQHandler
                0x0000000008003e68      0x51c ./Drivers/STM32F4xx_HAL_Driver/Src/stm32f4xx_hal_uart.o
                0x0000000008003e68                HAL_UART_IRQHandler
 .text.HAL_UART_TxCpltCallback
                0x0000000008004384       0x14 ./Drivers/STM32F4xx_HAL_Driver/Src/stm32f4xx_hal_uart.o
                0x0000000008004384                HAL_UART_TxCpltCallback
 .text.HAL_UART_RxCpltCallback
                0x0000000008004398       0x14 ./Drivers/STM32F4xx_HAL_Driver/Src/stm32f4xx_hal_uart.o
                0x0000000008004398                HAL_UART_RxCpltCallback
 .text.HAL_UART_ErrorCallback
                0x00000000080043ac       0x14 ./Drivers/STM32F4xx_HAL_Driver/Src/stm32f4xx_hal_uart.o
                0x00000000080043ac                HAL_UART_ErrorCallback
 .text.HAL_UARTEx_RxEventCallback
                0x00000000080043c0       0x18 ./Drivers/STM32F4xx_HAL_Driver/Src/stm32f4xx_hal_uart.o
                0x00000000080043c0                HAL_UARTEx_RxEventCallback
 .text.UART_WaitOnFlagUntilTimeout
                0x00000000080043d8       0xdc ./Drivers/STM32F4xx_HAL_Driver/Src/stm32f4xx_hal_uart.o
 .text.UART_EndRxTransfer
                0x00000000080044b4       0xc6 ./Drivers/STM32F4xx_HAL_Driver/Src/stm32f4xx_hal_uart.o
 .text.UART_DMAAbortOnError
                0x000000000800457a       0x28 ./Drivers/STM32F4xx_HAL_Driver/Src/stm32f4xx_hal_uart.o
 .text.UART_Transmit_IT
                0x00000000080045a2       0xa0 ./Drivers/STM32F4xx_HAL_Driver/Src/stm32f4xx_hal_uart.o
 .text.UART_EndTransmit_IT
                0x0000000008004642       0x30 ./Drivers/STM32F4xx_HAL_Driver/Src/stm32f4xx_hal_uart.o
 .text.UART_Receive_IT
                0x0000000008004672      0x176 ./Drivers/STM32F4xx_HAL_Driver/Src/stm32f4xx_hal_uart.o
 .text.UART_SetConfig
                0x00000000080047e8      0x390 ./Drivers/STM32F4xx_HAL_Driver/Src/stm32f4xx_hal_uart.o
 .text.__NVIC_SetPriority
                0x0000000008004b78       0x54 ./Middlewares/Third_Party/FreeRTOS/Source/CMSIS_RTOS_V2/cmsis_os2.o
 .text.SysTick_Handler
                0x0000000008004bcc       0x20 ./Middlewares/Third_Party/FreeRTOS/Source/CMSIS_RTOS_V2/cmsis_os2.o
                0x0000000008004bcc                SysTick_Handler
 .text.SVC_Setup
                0x0000000008004bec       0x12 ./Middlewares/Third_Party/FreeRTOS/Source/CMSIS_RTOS_V2/cmsis_os2.o
 *fill*         0x0000000008004bfe        0x2 
 .text.osKernelInitialize
                0x0000000008004c00       0x48 ./Middlewares/Third_Party/FreeRTOS/Source/CMSIS_RTOS_V2/cmsis_os2.o
                0x0000000008004c00                osKernelInitialize
 .text.osKernelStart
                0x0000000008004c48       0x4c ./Middlewares/Third_Party/FreeRTOS/Source/CMSIS_RTOS_V2/cmsis_os2.o
                0x0000000008004c48                osKernelStart
 .text.osThreadNew
                0x0000000008004c94      0x124 ./Middlewares/Third_Party/FreeRTOS/Source/CMSIS_RTOS_V2/cmsis_os2.o
                0x0000000008004c94                osThreadNew
 .text.osDelay  0x0000000008004db8       0x36 ./Middlewares/Third_Party/FreeRTOS/Source/CMSIS_RTOS_V2/cmsis_os2.o
                0x0000000008004db8                osDelay
 *fill*         0x0000000008004dee        0x2 
 .text.vApplicationGetIdleTaskMemory
                0x0000000008004df0       0x34 ./Middlewares/Third_Party/FreeRTOS/Source/CMSIS_RTOS_V2/cmsis_os2.o
                0x0000000008004df0                vApplicationGetIdleTaskMemory
 .text.vApplicationGetTimerTaskMemory
                0x0000000008004e24       0x34 ./Middlewares/Third_Party/FreeRTOS/Source/CMSIS_RTOS_V2/cmsis_os2.o
                0x0000000008004e24                vApplicationGetTimerTaskMemory
 .text.vListInitialise
                0x0000000008004e58       0x40 ./Middlewares/Third_Party/FreeRTOS/Source/list.o
                0x0000000008004e58                vListInitialise
 .text.vListInitialiseItem
                0x0000000008004e98       0x1a ./Middlewares/Third_Party/FreeRTOS/Source/list.o
                0x0000000008004e98                vListInitialiseItem
 .text.vListInsertEnd
                0x0000000008004eb2       0x48 ./Middlewares/Third_Party/FreeRTOS/Source/list.o
                0x0000000008004eb2                vListInsertEnd
 .text.vListInsert
                0x0000000008004efa       0x72 ./Middlewares/Third_Party/FreeRTOS/Source/list.o
                0x0000000008004efa                vListInsert
 .text.uxListRemove
                0x0000000008004f6c       0x54 ./Middlewares/Third_Party/FreeRTOS/Source/list.o
                0x0000000008004f6c                uxListRemove
 .text.xQueueGenericReset
                0x0000000008004fc0       0xd0 ./Middlewares/Third_Party/FreeRTOS/Source/queue.o
                0x0000000008004fc0                xQueueGenericReset
 .text.xQueueGenericCreateStatic
                0x0000000008005090       0xf0 ./Middlewares/Third_Party/FreeRTOS/Source/queue.o
                0x0000000008005090                xQueueGenericCreateStatic
 .text.prvInitialiseNewQueue
                0x0000000008005180       0x46 ./Middlewares/Third_Party/FreeRTOS/Source/queue.o
 *fill*         0x00000000080051c6        0x2 
 .text.xQueueGenericSend
                0x00000000080051c8      0x1fc ./Middlewares/Third_Party/FreeRTOS/Source/queue.o
                0x00000000080051c8                xQueueGenericSend
 .text.xQueueGenericSendFromISR
                0x00000000080053c4      0x136 ./Middlewares/Third_Party/FreeRTOS/Source/queue.o
                0x00000000080053c4                xQueueGenericSendFromISR
 *fill*         0x00000000080054fa        0x2 
 .text.xQueueReceive
                0x00000000080054fc      0x1c0 ./Middlewares/Third_Party/FreeRTOS/Source/queue.o
                0x00000000080054fc                xQueueReceive
 .text.prvCopyDataToQueue
                0x00000000080056bc       0xd4 ./Middlewares/Third_Party/FreeRTOS/Source/queue.o
 .text.prvCopyDataFromQueue
                0x0000000008005790       0x4c ./Middlewares/Third_Party/FreeRTOS/Source/queue.o
 .text.prvUnlockQueue
                0x00000000080057dc       0xa4 ./Middlewares/Third_Party/FreeRTOS/Source/queue.o
 .text.prvIsQueueEmpty
                0x0000000008005880       0x2c ./Middlewares/Third_Party/FreeRTOS/Source/queue.o
 .text.prvIsQueueFull
                0x00000000080058ac       0x30 ./Middlewares/Third_Party/FreeRTOS/Source/queue.o
 .text.vQueueAddToRegistry
                0x00000000080058dc       0x54 ./Middlewares/Third_Party/FreeRTOS/Source/queue.o
                0x00000000080058dc                vQueueAddToRegistry
 .text.vQueueWaitForMessageRestricted
                0x0000000008005930       0x68 ./Middlewares/Third_Party/FreeRTOS/Source/queue.o
                0x0000000008005930                vQueueWaitForMessageRestricted
 .text.xTaskCreateStatic
                0x0000000008005998       0xba ./Middlewares/Third_Party/FreeRTOS/Source/tasks.o
                0x0000000008005998                xTaskCreateStatic
 .text.xTaskCreate
                0x0000000008005a52       0x8a ./Middlewares/Third_Party/FreeRTOS/Source/tasks.o
                0x0000000008005a52                xTaskCreate
 .text.prvInitialiseNewTask
                0x0000000008005adc      0x11e ./Middlewares/Third_Party/FreeRTOS/Source/tasks.o
 *fill*         0x0000000008005bfa        0x2 
 .text.prvAddNewTaskToReadyList
                0x0000000008005bfc       0xe0 ./Middlewares/Third_Party/FreeRTOS/Source/tasks.o
 .text.vTaskDelay
                0x0000000008005cdc       0x68 ./Middlewares/Third_Party/FreeRTOS/Source/tasks.o
                0x0000000008005cdc                vTaskDelay
 .text.vTaskStartScheduler
                0x0000000008005d44       0xcc ./Middlewares/Third_Party/FreeRTOS/Source/tasks.o
                0x0000000008005d44                vTaskStartScheduler
 .text.vTaskSuspendAll
                0x0000000008005e10       0x1c ./Middlewares/Third_Party/FreeRTOS/Source/tasks.o
                0x0000000008005e10                vTaskSuspendAll
 .text.xTaskResumeAll
                0x0000000008005e2c      0x13c ./Middlewares/Third_Party/FreeRTOS/Source/tasks.o
                0x0000000008005e2c                xTaskResumeAll
 .text.xTaskGetTickCount
                0x0000000008005f68       0x20 ./Middlewares/Third_Party/FreeRTOS/Source/tasks.o
                0x0000000008005f68                xTaskGetTickCount
 .text.xTaskIncrementTick
                0x0000000008005f88      0x174 ./Middlewares/Third_Party/FreeRTOS/Source/tasks.o
                0x0000000008005f88                xTaskIncrementTick
 .text.vTaskSwitchContext
                0x00000000080060fc       0xbc ./Middlewares/Third_Party/FreeRTOS/Source/tasks.o
                0x00000000080060fc                vTaskSwitchContext
 .text.vTaskPlaceOnEventList
                0x00000000080061b8       0x48 ./Middlewares/Third_Party/FreeRTOS/Source/tasks.o
                0x00000000080061b8                vTaskPlaceOnEventList
 .text.vTaskPlaceOnEventListRestricted
                0x0000000008006200       0x58 ./Middlewares/Third_Party/FreeRTOS/Source/tasks.o
                0x0000000008006200                vTaskPlaceOnEventListRestricted
 .text.xTaskRemoveFromEventList
                0x0000000008006258       0xc8 ./Middlewares/Third_Party/FreeRTOS/Source/tasks.o
                0x0000000008006258                xTaskRemoveFromEventList
 .text.vTaskInternalSetTimeOutState
                0x0000000008006320       0x2c ./Middlewares/Third_Party/FreeRTOS/Source/tasks.o
                0x0000000008006320                vTaskInternalSetTimeOutState
 .text.xTaskCheckForTimeOut
                0x000000000800634c       0xc4 ./Middlewares/Third_Party/FreeRTOS/Source/tasks.o
                0x000000000800634c                xTaskCheckForTimeOut
 .text.vTaskMissedYield
                0x0000000008006410       0x18 ./Middlewares/Third_Party/FreeRTOS/Source/tasks.o
                0x0000000008006410                vTaskMissedYield
 .text.prvIdleTask
                0x0000000008006428       0x30 ./Middlewares/Third_Party/FreeRTOS/Source/tasks.o
 .text.prvInitialiseTaskLists
                0x0000000008006458       0x80 ./Middlewares/Third_Party/FreeRTOS/Source/tasks.o
 .text.prvCheckTasksWaitingTermination
                0x00000000080064d8       0x5c ./Middlewares/Third_Party/FreeRTOS/Source/tasks.o
 .text.prvDeleteTCB
                0x0000000008006534       0x5e ./Middlewares/Third_Party/FreeRTOS/Source/tasks.o
 *fill*         0x0000000008006592        0x2 
 .text.prvResetNextTaskUnblockTime
                0x0000000008006594       0x40 ./Middlewares/Third_Party/FreeRTOS/Source/tasks.o
 .text.xTaskGetSchedulerState
                0x00000000080065d4       0x3c ./Middlewares/Third_Party/FreeRTOS/Source/tasks.o
                0x00000000080065d4                xTaskGetSchedulerState
 .text.xTaskPriorityDisinherit
                0x0000000008006610       0xdc ./Middlewares/Third_Party/FreeRTOS/Source/tasks.o
                0x0000000008006610                xTaskPriorityDisinherit
 .text.prvAddCurrentTaskToDelayedList
                0x00000000080066ec       0xa8 ./Middlewares/Third_Party/FreeRTOS/Source/tasks.o
 .text.xTimerCreateTimerTask
                0x0000000008006794       0x90 ./Middlewares/Third_Party/FreeRTOS/Source/timers.o
                0x0000000008006794                xTimerCreateTimerTask
 .text.xTimerGenericCommand
                0x0000000008006824       0x9c ./Middlewares/Third_Party/FreeRTOS/Source/timers.o
                0x0000000008006824                xTimerGenericCommand
 .text.prvProcessExpiredTimer
                0x00000000080068c0       0x98 ./Middlewares/Third_Party/FreeRTOS/Source/timers.o
 .text.prvTimerTask
                0x0000000008006958       0x24 ./Middlewares/Third_Party/FreeRTOS/Source/timers.o
 .text.prvProcessTimerOrBlockTask
                0x000000000800697c       0x9c ./Middlewares/Third_Party/FreeRTOS/Source/timers.o
 .text.prvGetNextExpireTime
                0x0000000008006a18       0x48 ./Middlewares/Third_Party/FreeRTOS/Source/timers.o
 .text.prvSampleTimeNow
                0x0000000008006a60       0x40 ./Middlewares/Third_Party/FreeRTOS/Source/timers.o
 .text.prvInsertTimerInActiveList
                0x0000000008006aa0       0x84 ./Middlewares/Third_Party/FreeRTOS/Source/timers.o
 .text.prvProcessReceivedCommands
                0x0000000008006b24      0x1c4 ./Middlewares/Third_Party/FreeRTOS/Source/timers.o
 .text.prvSwitchTimerLists
                0x0000000008006ce8       0xc8 ./Middlewares/Third_Party/FreeRTOS/Source/timers.o
 .text.prvCheckForValidListAndQueue
                0x0000000008006db0       0x80 ./Middlewares/Third_Party/FreeRTOS/Source/timers.o
 .text.pxPortInitialiseStack
                0x0000000008006e30       0x68 ./Middlewares/Third_Party/FreeRTOS/Source/portable/GCC/ARM_CM4F/port.o
                0x0000000008006e30                pxPortInitialiseStack
 .text.prvTaskExitError
                0x0000000008006e98       0x58 ./Middlewares/Third_Party/FreeRTOS/Source/portable/GCC/ARM_CM4F/port.o
 .text.SVC_Handler
                0x0000000008006ef0       0x28 ./Middlewares/Third_Party/FreeRTOS/Source/portable/GCC/ARM_CM4F/port.o
                0x0000000008006ef0                SVC_Handler
 .text.prvPortStartFirstTask
                0x0000000008006f18       0x28 ./Middlewares/Third_Party/FreeRTOS/Source/portable/GCC/ARM_CM4F/port.o
 .text.xPortStartScheduler
                0x0000000008006f40      0x144 ./Middlewares/Third_Party/FreeRTOS/Source/portable/GCC/ARM_CM4F/port.o
                0x0000000008006f40                xPortStartScheduler
 .text.vPortEnterCritical
                0x0000000008007084       0x60 ./Middlewares/Third_Party/FreeRTOS/Source/portable/GCC/ARM_CM4F/port.o
                0x0000000008007084                vPortEnterCritical
 .text.vPortExitCritical
                0x00000000080070e4       0x54 ./Middlewares/Third_Party/FreeRTOS/Source/portable/GCC/ARM_CM4F/port.o
                0x00000000080070e4                vPortExitCritical
 *fill*         0x0000000008007138        0x8 
 .text.PendSV_Handler
                0x0000000008007140       0x68 ./Middlewares/Third_Party/FreeRTOS/Source/portable/GCC/ARM_CM4F/port.o
                0x0000000008007140                PendSV_Handler
 .text.xPortSysTickHandler
                0x00000000080071a8       0x44 ./Middlewares/Third_Party/FreeRTOS/Source/portable/GCC/ARM_CM4F/port.o
                0x00000000080071a8                xPortSysTickHandler
 .text.vPortSetupTimerInterrupt
                0x00000000080071ec       0x48 ./Middlewares/Third_Party/FreeRTOS/Source/portable/GCC/ARM_CM4F/port.o
                0x00000000080071ec                vPortSetupTimerInterrupt
 .text.vPortEnableVFP
                0x0000000008007234       0x14 ./Middlewares/Third_Party/FreeRTOS/Source/portable/GCC/ARM_CM4F/port.o
 .text.vPortValidateInterruptPriority
                0x0000000008007248       0x80 ./Middlewares/Third_Party/FreeRTOS/Source/portable/GCC/ARM_CM4F/port.o
                0x0000000008007248                vPortValidateInterruptPriority
 .text.pvPortMalloc
                0x00000000080072c8      0x198 ./Middlewares/Third_Party/FreeRTOS/Source/portable/MemMang/heap_4.o
                0x00000000080072c8                pvPortMalloc
 .text.vPortFree
                0x0000000008007460       0xc4 ./Middlewares/Third_Party/FreeRTOS/Source/portable/MemMang/heap_4.o
                0x0000000008007460                vPortFree
 .text.prvHeapInit
                0x0000000008007524       0xc4 ./Middlewares/Third_Party/FreeRTOS/Source/portable/MemMang/heap_4.o
 .text.prvInsertBlockIntoFreeList
                0x00000000080075e8       0xb4 ./Middlewares/Third_Party/FreeRTOS/Source/portable/MemMang/heap_4.o
 .text.__errno  0x000000000800769c        0xc c:/st/stm32cubeide_1.8.0/stm32cubeide/plugins/com.st.stm32cube.ide.mcu.externaltools.gnu-tools-for-stm32.9-2020-q2-update.win32_2.0.0.202105311346/tools/bin/../lib/gcc/arm-none-eabi/9.3.1/../../../../arm-none-eabi/lib/thumb/v7e-m+fp/hard\libc_nano.a(lib_a-errno.o)
                0x000000000800769c                __errno
 .text.__libc_init_array
                0x00000000080076a8       0x48 c:/st/stm32cubeide_1.8.0/stm32cubeide/plugins/com.st.stm32cube.ide.mcu.externaltools.gnu-tools-for-stm32.9-2020-q2-update.win32_2.0.0.202105311346/tools/bin/../lib/gcc/arm-none-eabi/9.3.1/../../../../arm-none-eabi/lib/thumb/v7e-m+fp/hard\libc_nano.a(lib_a-init.o)
                0x00000000080076a8                __libc_init_array
 .text.memcpy   0x00000000080076f0       0x1c c:/st/stm32cubeide_1.8.0/stm32cubeide/plugins/com.st.stm32cube.ide.mcu.externaltools.gnu-tools-for-stm32.9-2020-q2-update.win32_2.0.0.202105311346/tools/bin/../lib/gcc/arm-none-eabi/9.3.1/../../../../arm-none-eabi/lib/thumb/v7e-m+fp/hard\libc_nano.a(lib_a-memcpy-stub.o)
                0x00000000080076f0                memcpy
 .text.memset   0x000000000800770c       0x10 c:/st/stm32cubeide_1.8.0/stm32cubeide/plugins/com.st.stm32cube.ide.mcu.externaltools.gnu-tools-for-stm32.9-2020-q2-update.win32_2.0.0.202105311346/tools/bin/../lib/gcc/arm-none-eabi/9.3.1/../../../../arm-none-eabi/lib/thumb/v7e-m+fp/hard\libc_nano.a(lib_a-memset.o)
                0x000000000800770c                memset
 .text.printf   0x000000000800771c       0x30 c:/st/stm32cubeide_1.8.0/stm32cubeide/plugins/com.st.stm32cube.ide.mcu.externaltools.gnu-tools-for-stm32.9-2020-q2-update.win32_2.0.0.202105311346/tools/bin/../lib/gcc/arm-none-eabi/9.3.1/../../../../arm-none-eabi/lib/thumb/v7e-m+fp/hard\libc_nano.a(lib_a-printf.o)
                0x000000000800771c                iprintf
                0x000000000800771c                printf
 .text._puts_r  0x000000000800774c       0xdc c:/st/stm32cubeide_1.8.0/stm32cubeide/plugins/com.st.stm32cube.ide.mcu.externaltools.gnu-tools-for-stm32.9-2020-q2-update.win32_2.0.0.202105311346/tools/bin/../lib/gcc/arm-none-eabi/9.3.1/../../../../arm-none-eabi/lib/thumb/v7e-m+fp/hard\libc_nano.a(lib_a-puts.o)
                0x000000000800774c                _puts_r
 .text.puts     0x0000000008007828       0x10 c:/st/stm32cubeide_1.8.0/stm32cubeide/plugins/com.st.stm32cube.ide.mcu.externaltools.gnu-tools-for-stm32.9-2020-q2-update.win32_2.0.0.202105311346/tools/bin/../lib/gcc/arm-none-eabi/9.3.1/../../../../arm-none-eabi/lib/thumb/v7e-m+fp/hard\libc_nano.a(lib_a-puts.o)
                0x0000000008007828                puts
 .text.__swbuf_r
                0x0000000008007838       0xa4 c:/st/stm32cubeide_1.8.0/stm32cubeide/plugins/com.st.stm32cube.ide.mcu.externaltools.gnu-tools-for-stm32.9-2020-q2-update.win32_2.0.0.202105311346/tools/bin/../lib/gcc/arm-none-eabi/9.3.1/../../../../arm-none-eabi/lib/thumb/v7e-m+fp/hard\libc_nano.a(lib_a-wbuf.o)
                0x0000000008007838                __swbuf_r
 .text.__swsetup_r
                0x00000000080078dc       0xdc c:/st/stm32cubeide_1.8.0/stm32cubeide/plugins/com.st.stm32cube.ide.mcu.externaltools.gnu-tools-for-stm32.9-2020-q2-update.win32_2.0.0.202105311346/tools/bin/../lib/gcc/arm-none-eabi/9.3.1/../../../../arm-none-eabi/lib/thumb/v7e-m+fp/hard\libc_nano.a(lib_a-wsetup.o)
                0x00000000080078dc                __swsetup_r
 .text.__sflush_r
                0x00000000080079b8      0x10c c:/st/stm32cubeide_1.8.0/stm32cubeide/plugins/com.st.stm32cube.ide.mcu.externaltools.gnu-tools-for-stm32.9-2020-q2-update.win32_2.0.0.202105311346/tools/bin/../lib/gcc/arm-none-eabi/9.3.1/../../../../arm-none-eabi/lib/thumb/v7e-m+fp/hard\libc_nano.a(lib_a-fflush.o)
                0x00000000080079b8                __sflush_r
 .text._fflush_r
                0x0000000008007ac4       0x78 c:/st/stm32cubeide_1.8.0/stm32cubeide/plugins/com.st.stm32cube.ide.mcu.externaltools.gnu-tools-for-stm32.9-2020-q2-update.win32_2.0.0.202105311346/tools/bin/../lib/gcc/arm-none-eabi/9.3.1/../../../../arm-none-eabi/lib/thumb/v7e-m+fp/hard\libc_nano.a(lib_a-fflush.o)
                0x0000000008007ac4                _fflush_r
 .text.std      0x0000000008007b3c       0x48 c:/st/stm32cubeide_1.8.0/stm32cubeide/plugins/com.st.stm32cube.ide.mcu.externaltools.gnu-tools-for-stm32.9-2020-q2-update.win32_2.0.0.202105311346/tools/bin/../lib/gcc/arm-none-eabi/9.3.1/../../../../arm-none-eabi/lib/thumb/v7e-m+fp/hard\libc_nano.a(lib_a-findfp.o)
 .text._cleanup_r
                0x0000000008007b84        0xc c:/st/stm32cubeide_1.8.0/stm32cubeide/plugins/com.st.stm32cube.ide.mcu.externaltools.gnu-tools-for-stm32.9-2020-q2-update.win32_2.0.0.202105311346/tools/bin/../lib/gcc/arm-none-eabi/9.3.1/../../../../arm-none-eabi/lib/thumb/v7e-m+fp/hard\libc_nano.a(lib_a-findfp.o)
                0x0000000008007b84                _cleanup_r
 .text.__sfmoreglue
                0x0000000008007b90       0x2c c:/st/stm32cubeide_1.8.0/stm32cubeide/plugins/com.st.stm32cube.ide.mcu.externaltools.gnu-tools-for-stm32.9-2020-q2-update.win32_2.0.0.202105311346/tools/bin/../lib/gcc/arm-none-eabi/9.3.1/../../../../arm-none-eabi/lib/thumb/v7e-m+fp/hard\libc_nano.a(lib_a-findfp.o)
                0x0000000008007b90                __sfmoreglue
 .text.__sfp_lock_acquire
                0x0000000008007bbc        0xc c:/st/stm32cubeide_1.8.0/stm32cubeide/plugins/com.st.stm32cube.ide.mcu.externaltools.gnu-tools-for-stm32.9-2020-q2-update.win32_2.0.0.202105311346/tools/bin/../lib/gcc/arm-none-eabi/9.3.1/../../../../arm-none-eabi/lib/thumb/v7e-m+fp/hard\libc_nano.a(lib_a-findfp.o)
                0x0000000008007bbc                __sfp_lock_acquire
 .text.__sfp_lock_release
                0x0000000008007bc8        0xc c:/st/stm32cubeide_1.8.0/stm32cubeide/plugins/com.st.stm32cube.ide.mcu.externaltools.gnu-tools-for-stm32.9-2020-q2-update.win32_2.0.0.202105311346/tools/bin/../lib/gcc/arm-none-eabi/9.3.1/../../../../arm-none-eabi/lib/thumb/v7e-m+fp/hard\libc_nano.a(lib_a-findfp.o)
                0x0000000008007bc8                __sfp_lock_release
 .text.__sinit_lock_acquire
                0x0000000008007bd4        0xc c:/st/stm32cubeide_1.8.0/stm32cubeide/plugins/com.st.stm32cube.ide.mcu.externaltools.gnu-tools-for-stm32.9-2020-q2-update.win32_2.0.0.202105311346/tools/bin/../lib/gcc/arm-none-eabi/9.3.1/../../../../arm-none-eabi/lib/thumb/v7e-m+fp/hard\libc_nano.a(lib_a-findfp.o)
                0x0000000008007bd4                __sinit_lock_acquire
 .text.__sinit_lock_release
                0x0000000008007be0        0xc c:/st/stm32cubeide_1.8.0/stm32cubeide/plugins/com.st.stm32cube.ide.mcu.externaltools.gnu-tools-for-stm32.9-2020-q2-update.win32_2.0.0.202105311346/tools/bin/../lib/gcc/arm-none-eabi/9.3.1/../../../../arm-none-eabi/lib/thumb/v7e-m+fp/hard\libc_nano.a(lib_a-findfp.o)
                0x0000000008007be0                __sinit_lock_release
 .text.__sinit  0x0000000008007bec       0x70 c:/st/stm32cubeide_1.8.0/stm32cubeide/plugins/com.st.stm32cube.ide.mcu.externaltools.gnu-tools-for-stm32.9-2020-q2-update.win32_2.0.0.202105311346/tools/bin/../lib/gcc/arm-none-eabi/9.3.1/../../../../arm-none-eabi/lib/thumb/v7e-m+fp/hard\libc_nano.a(lib_a-findfp.o)
                0x0000000008007bec                __sinit
 .text.__sfp    0x0000000008007c5c       0x8c c:/st/stm32cubeide_1.8.0/stm32cubeide/plugins/com.st.stm32cube.ide.mcu.externaltools.gnu-tools-for-stm32.9-2020-q2-update.win32_2.0.0.202105311346/tools/bin/../lib/gcc/arm-none-eabi/9.3.1/../../../../arm-none-eabi/lib/thumb/v7e-m+fp/hard\libc_nano.a(lib_a-findfp.o)
                0x0000000008007c5c                __sfp
 .text._fwalk_reent
                0x0000000008007ce8       0x3e c:/st/stm32cubeide_1.8.0/stm32cubeide/plugins/com.st.stm32cube.ide.mcu.externaltools.gnu-tools-for-stm32.9-2020-q2-update.win32_2.0.0.202105311346/tools/bin/../lib/gcc/arm-none-eabi/9.3.1/../../../../arm-none-eabi/lib/thumb/v7e-m+fp/hard\libc_nano.a(lib_a-fwalk.o)
                0x0000000008007ce8                _fwalk_reent
 .text.__retarget_lock_init_recursive
                0x0000000008007d26        0x2 c:/st/stm32cubeide_1.8.0/stm32cubeide/plugins/com.st.stm32cube.ide.mcu.externaltools.gnu-tools-for-stm32.9-2020-q2-update.win32_2.0.0.202105311346/tools/bin/../lib/gcc/arm-none-eabi/9.3.1/../../../../arm-none-eabi/lib/thumb/v7e-m+fp/hard\libc_nano.a(lib_a-lock.o)
                0x0000000008007d26                __retarget_lock_init_recursive
 .text.__retarget_lock_acquire_recursive
                0x0000000008007d28        0x2 c:/st/stm32cubeide_1.8.0/stm32cubeide/plugins/com.st.stm32cube.ide.mcu.externaltools.gnu-tools-for-stm32.9-2020-q2-update.win32_2.0.0.202105311346/tools/bin/../lib/gcc/arm-none-eabi/9.3.1/../../../../arm-none-eabi/lib/thumb/v7e-m+fp/hard\libc_nano.a(lib_a-lock.o)
                0x0000000008007d28                __retarget_lock_acquire_recursive
 .text.__retarget_lock_release_recursive
                0x0000000008007d2a        0x2 c:/st/stm32cubeide_1.8.0/stm32cubeide/plugins/com.st.stm32cube.ide.mcu.externaltools.gnu-tools-for-stm32.9-2020-q2-update.win32_2.0.0.202105311346/tools/bin/../lib/gcc/arm-none-eabi/9.3.1/../../../../arm-none-eabi/lib/thumb/v7e-m+fp/hard\libc_nano.a(lib_a-lock.o)
                0x0000000008007d2a                __retarget_lock_release_recursive
 .text.__swhatbuf_r
                0x0000000008007d2c       0x48 c:/st/stm32cubeide_1.8.0/stm32cubeide/plugins/com.st.stm32cube.ide.mcu.externaltools.gnu-tools-for-stm32.9-2020-q2-update.win32_2.0.0.202105311346/tools/bin/../lib/gcc/arm-none-eabi/9.3.1/../../../../arm-none-eabi/lib/thumb/v7e-m+fp/hard\libc_nano.a(lib_a-makebuf.o)
                0x0000000008007d2c                __swhatbuf_r
 .text.__smakebuf_r
                0x0000000008007d74       0x80 c:/st/stm32cubeide_1.8.0/stm32cubeide/plugins/com.st.stm32cube.ide.mcu.externaltools.gnu-tools-for-stm32.9-2020-q2-update.win32_2.0.0.202105311346/tools/bin/../lib/gcc/arm-none-eabi/9.3.1/../../../../arm-none-eabi/lib/thumb/v7e-m+fp/hard\libc_nano.a(lib_a-makebuf.o)
                0x0000000008007d74                __smakebuf_r
 .text._free_r  0x0000000008007df4       0xa0 c:/st/stm32cubeide_1.8.0/stm32cubeide/plugins/com.st.stm32cube.ide.mcu.externaltools.gnu-tools-for-stm32.9-2020-q2-update.win32_2.0.0.202105311346/tools/bin/../lib/gcc/arm-none-eabi/9.3.1/../../../../arm-none-eabi/lib/thumb/v7e-m+fp/hard\libc_nano.a(lib_a-nano-freer.o)
                0x0000000008007df4                _free_r
 .text._malloc_r
                0x0000000008007e94       0xb4 c:/st/stm32cubeide_1.8.0/stm32cubeide/plugins/com.st.stm32cube.ide.mcu.externaltools.gnu-tools-for-stm32.9-2020-q2-update.win32_2.0.0.202105311346/tools/bin/../lib/gcc/arm-none-eabi/9.3.1/../../../../arm-none-eabi/lib/thumb/v7e-m+fp/hard\libc_nano.a(lib_a-nano-mallocr.o)
                0x0000000008007e94                _malloc_r
 .text.__sfputc_r
                0x0000000008007f48       0x2e c:/st/stm32cubeide_1.8.0/stm32cubeide/plugins/com.st.stm32cube.ide.mcu.externaltools.gnu-tools-for-stm32.9-2020-q2-update.win32_2.0.0.202105311346/tools/bin/../lib/gcc/arm-none-eabi/9.3.1/../../../../arm-none-eabi/lib/thumb/v7e-m+fp/hard\libc_nano.a(lib_a-nano-vfprintf.o)
 .text.__sfputs_r
                0x0000000008007f76       0x24 c:/st/stm32cubeide_1.8.0/stm32cubeide/plugins/com.st.stm32cube.ide.mcu.externaltools.gnu-tools-for-stm32.9-2020-q2-update.win32_2.0.0.202105311346/tools/bin/../lib/gcc/arm-none-eabi/9.3.1/../../../../arm-none-eabi/lib/thumb/v7e-m+fp/hard\libc_nano.a(lib_a-nano-vfprintf.o)
                0x0000000008007f76                __sfputs_r
 *fill*         0x0000000008007f9a        0x2 
 .text._vfprintf_r
                0x0000000008007f9c      0x260 c:/st/stm32cubeide_1.8.0/stm32cubeide/plugins/com.st.stm32cube.ide.mcu.externaltools.gnu-tools-for-stm32.9-2020-q2-update.win32_2.0.0.202105311346/tools/bin/../lib/gcc/arm-none-eabi/9.3.1/../../../../arm-none-eabi/lib/thumb/v7e-m+fp/hard\libc_nano.a(lib_a-nano-vfprintf.o)
                0x0000000008007f9c                _vfprintf_r
                0x0000000008007f9c                _vfiprintf_r
 .text._printf_common
                0x00000000080081fc       0xda c:/st/stm32cubeide_1.8.0/stm32cubeide/plugins/com.st.stm32cube.ide.mcu.externaltools.gnu-tools-for-stm32.9-2020-q2-update.win32_2.0.0.202105311346/tools/bin/../lib/gcc/arm-none-eabi/9.3.1/../../../../arm-none-eabi/lib/thumb/v7e-m+fp/hard\libc_nano.a(lib_a-nano-vfprintf_i.o)
                0x00000000080081fc                _printf_common
 *fill*         0x00000000080082d6        0x2 
 .text._printf_i
                0x00000000080082d8      0x24c c:/st/stm32cubeide_1.8.0/stm32cubeide/plugins/com.st.stm32cube.ide.mcu.externaltools.gnu-tools-for-stm32.9-2020-q2-update.win32_2.0.0.202105311346/tools/bin/../lib/gcc/arm-none-eabi/9.3.1/../../../../arm-none-eabi/lib/thumb/v7e-m+fp/hard\libc_nano.a(lib_a-nano-vfprintf_i.o)
                0x00000000080082d8                _printf_i
 .text._sbrk_r  0x0000000008008524       0x20 c:/st/stm32cubeide_1.8.0/stm32cubeide/plugins/com.st.stm32cube.ide.mcu.externaltools.gnu-tools-for-stm32.9-2020-q2-update.win32_2.0.0.202105311346/tools/bin/../lib/gcc/arm-none-eabi/9.3.1/../../../../arm-none-eabi/lib/thumb/v7e-m+fp/hard\libc_nano.a(lib_a-sbrkr.o)
                0x0000000008008524                _sbrk_r
 .text.__sread  0x0000000008008544       0x22 c:/st/stm32cubeide_1.8.0/stm32cubeide/plugins/com.st.stm32cube.ide.mcu.externaltools.gnu-tools-for-stm32.9-2020-q2-update.win32_2.0.0.202105311346/tools/bin/../lib/gcc/arm-none-eabi/9.3.1/../../../../arm-none-eabi/lib/thumb/v7e-m+fp/hard\libc_nano.a(lib_a-stdio.o)
                0x0000000008008544                __sread
 .text.__swrite
                0x0000000008008566       0x38 c:/st/stm32cubeide_1.8.0/stm32cubeide/plugins/com.st.stm32cube.ide.mcu.externaltools.gnu-tools-for-stm32.9-2020-q2-update.win32_2.0.0.202105311346/tools/bin/../lib/gcc/arm-none-eabi/9.3.1/../../../../arm-none-eabi/lib/thumb/v7e-m+fp/hard\libc_nano.a(lib_a-stdio.o)
                0x0000000008008566                __swrite
 .text.__sseek  0x000000000800859e       0x24 c:/st/stm32cubeide_1.8.0/stm32cubeide/plugins/com.st.stm32cube.ide.mcu.externaltools.gnu-tools-for-stm32.9-2020-q2-update.win32_2.0.0.202105311346/tools/bin/../lib/gcc/arm-none-eabi/9.3.1/../../../../arm-none-eabi/lib/thumb/v7e-m+fp/hard\libc_nano.a(lib_a-stdio.o)
                0x000000000800859e                __sseek
 .text.__sclose
                0x00000000080085c2        0x8 c:/st/stm32cubeide_1.8.0/stm32cubeide/plugins/com.st.stm32cube.ide.mcu.externaltools.gnu-tools-for-stm32.9-2020-q2-update.win32_2.0.0.202105311346/tools/bin/../lib/gcc/arm-none-eabi/9.3.1/../../../../arm-none-eabi/lib/thumb/v7e-m+fp/hard\libc_nano.a(lib_a-stdio.o)
                0x00000000080085c2                __sclose
 *fill*         0x00000000080085ca        0x2 
 .text._write_r
                0x00000000080085cc       0x24 c:/st/stm32cubeide_1.8.0/stm32cubeide/plugins/com.st.stm32cube.ide.mcu.externaltools.gnu-tools-for-stm32.9-2020-q2-update.win32_2.0.0.202105311346/tools/bin/../lib/gcc/arm-none-eabi/9.3.1/../../../../arm-none-eabi/lib/thumb/v7e-m+fp/hard\libc_nano.a(lib_a-writer.o)
                0x00000000080085cc                _write_r
 .text._close_r
                0x00000000080085f0       0x20 c:/st/stm32cubeide_1.8.0/stm32cubeide/plugins/com.st.stm32cube.ide.mcu.externaltools.gnu-tools-for-stm32.9-2020-q2-update.win32_2.0.0.202105311346/tools/bin/../lib/gcc/arm-none-eabi/9.3.1/../../../../arm-none-eabi/lib/thumb/v7e-m+fp/hard\libc_nano.a(lib_a-closer.o)
                0x00000000080085f0                _close_r
 .text._fstat_r
                0x0000000008008610       0x24 c:/st/stm32cubeide_1.8.0/stm32cubeide/plugins/com.st.stm32cube.ide.mcu.externaltools.gnu-tools-for-stm32.9-2020-q2-update.win32_2.0.0.202105311346/tools/bin/../lib/gcc/arm-none-eabi/9.3.1/../../../../arm-none-eabi/lib/thumb/v7e-m+fp/hard\libc_nano.a(lib_a-fstatr.o)
                0x0000000008008610                _fstat_r
 .text._isatty_r
                0x0000000008008634       0x20 c:/st/stm32cubeide_1.8.0/stm32cubeide/plugins/com.st.stm32cube.ide.mcu.externaltools.gnu-tools-for-stm32.9-2020-q2-update.win32_2.0.0.202105311346/tools/bin/../lib/gcc/arm-none-eabi/9.3.1/../../../../arm-none-eabi/lib/thumb/v7e-m+fp/hard\libc_nano.a(lib_a-isattyr.o)
                0x0000000008008634                _isatty_r
 .text._lseek_r
                0x0000000008008654       0x24 c:/st/stm32cubeide_1.8.0/stm32cubeide/plugins/com.st.stm32cube.ide.mcu.externaltools.gnu-tools-for-stm32.9-2020-q2-update.win32_2.0.0.202105311346/tools/bin/../lib/gcc/arm-none-eabi/9.3.1/../../../../arm-none-eabi/lib/thumb/v7e-m+fp/hard\libc_nano.a(lib_a-lseekr.o)
                0x0000000008008654                _lseek_r
 .text.__malloc_lock
                0x0000000008008678        0xc c:/st/stm32cubeide_1.8.0/stm32cubeide/plugins/com.st.stm32cube.ide.mcu.externaltools.gnu-tools-for-stm32.9-2020-q2-update.win32_2.0.0.202105311346/tools/bin/../lib/gcc/arm-none-eabi/9.3.1/../../../../arm-none-eabi/lib/thumb/v7e-m+fp/hard\libc_nano.a(lib_a-mlock.o)
                0x0000000008008678                __malloc_lock
 .text.__malloc_unlock
                0x0000000008008684        0xc c:/st/stm32cubeide_1.8.0/stm32cubeide/plugins/com.st.stm32cube.ide.mcu.externaltools.gnu-tools-for-stm32.9-2020-q2-update.win32_2.0.0.202105311346/tools/bin/../lib/gcc/arm-none-eabi/9.3.1/../../../../arm-none-eabi/lib/thumb/v7e-m+fp/hard\libc_nano.a(lib_a-mlock.o)
                0x0000000008008684                __malloc_unlock
 .text._read_r  0x0000000008008690       0x24 c:/st/stm32cubeide_1.8.0/stm32cubeide/plugins/com.st.stm32cube.ide.mcu.externaltools.gnu-tools-for-stm32.9-2020-q2-update.win32_2.0.0.202105311346/tools/bin/../lib/gcc/arm-none-eabi/9.3.1/../../../../arm-none-eabi/lib/thumb/v7e-m+fp/hard\libc_nano.a(lib_a-readr.o)
                0x0000000008008690                _read_r
 *(.glue_7)
 .glue_7        0x00000000080086b4        0x0 linker stubs
 *(.glue_7t)
 .glue_7t       0x00000000080086b4        0x0 linker stubs
 *(.eh_frame)
 .eh_frame      0x00000000080086b4        0x0 c:/st/stm32cubeide_1.8.0/stm32cubeide/plugins/com.st.stm32cube.ide.mcu.externaltools.gnu-tools-for-stm32.9-2020-q2-update.win32_2.0.0.202105311346/tools/bin/../lib/gcc/arm-none-eabi/9.3.1/thumb/v7e-m+fp/hard/crtbegin.o
 *(.init)
 .init          0x00000000080086b4        0x4 c:/st/stm32cubeide_1.8.0/stm32cubeide/plugins/com.st.stm32cube.ide.mcu.externaltools.gnu-tools-for-stm32.9-2020-q2-update.win32_2.0.0.202105311346/tools/bin/../lib/gcc/arm-none-eabi/9.3.1/thumb/v7e-m+fp/hard/crti.o
                0x00000000080086b4                _init
 .init          0x00000000080086b8        0x8 c:/st/stm32cubeide_1.8.0/stm32cubeide/plugins/com.st.stm32cube.ide.mcu.externaltools.gnu-tools-for-stm32.9-2020-q2-update.win32_2.0.0.202105311346/tools/bin/../lib/gcc/arm-none-eabi/9.3.1/thumb/v7e-m+fp/hard/crtn.o
 *(.fini)
 .fini          0x00000000080086c0        0x4 c:/st/stm32cubeide_1.8.0/stm32cubeide/plugins/com.st.stm32cube.ide.mcu.externaltools.gnu-tools-for-stm32.9-2020-q2-update.win32_2.0.0.202105311346/tools/bin/../lib/gcc/arm-none-eabi/9.3.1/thumb/v7e-m+fp/hard/crti.o
                0x00000000080086c0                _fini
 .fini          0x00000000080086c4        0x8 c:/st/stm32cubeide_1.8.0/stm32cubeide/plugins/com.st.stm32cube.ide.mcu.externaltools.gnu-tools-for-stm32.9-2020-q2-update.win32_2.0.0.202105311346/tools/bin/../lib/gcc/arm-none-eabi/9.3.1/thumb/v7e-m+fp/hard/crtn.o
                0x00000000080086cc                . = ALIGN (0x4)
                0x00000000080086cc                _etext = .

.vfp11_veneer   0x00000000080086cc        0x0
 .vfp11_veneer  0x00000000080086cc        0x0 linker stubs

.v4_bx          0x00000000080086cc        0x0
 .v4_bx         0x00000000080086cc        0x0 linker stubs

.iplt           0x00000000080086cc        0x0
 .iplt          0x00000000080086cc        0x0 c:/st/stm32cubeide_1.8.0/stm32cubeide/plugins/com.st.stm32cube.ide.mcu.externaltools.gnu-tools-for-stm32.9-2020-q2-update.win32_2.0.0.202105311346/tools/bin/../lib/gcc/arm-none-eabi/9.3.1/thumb/v7e-m+fp/hard/crtbegin.o

.rodata         0x00000000080086cc      0x2e4
                0x00000000080086cc                . = ALIGN (0x4)
 *(.rodata)
 .rodata        0x00000000080086cc      0x15d ./Core/Src/bsp_spi.o
 *fill*         0x0000000008008829        0x3 
 .rodata        0x000000000800882c       0x29 ./Core/Src/freertos.o
 *fill*         0x0000000008008855        0x3 
 .rodata        0x0000000008008858        0x5 ./Middlewares/Third_Party/FreeRTOS/Source/tasks.o
 *fill*         0x000000000800885d        0x3 
 .rodata        0x0000000008008860        0xd ./Middlewares/Third_Party/FreeRTOS/Source/timers.o
 *(.rodata*)
 *fill*         0x000000000800886d        0x3 
 .rodata.defaultTask_attributes
                0x0000000008008870       0x24 ./Core/Src/freertos.o
                0x0000000008008870                defaultTask_attributes
 .rodata.statelight_attributes
                0x0000000008008894       0x24 ./Core/Src/freertos.o
                0x0000000008008894                statelight_attributes
 .rodata.CANTask_attributes
                0x00000000080088b8       0x24 ./Core/Src/freertos.o
                0x00000000080088b8                CANTask_attributes
 .rodata.beepTask_attributes
                0x00000000080088dc       0x24 ./Core/Src/freertos.o
                0x00000000080088dc                beepTask_attributes
 .rodata.AHBPrescTable
                0x0000000008008900       0x10 ./Core/Src/system_stm32f4xx.o
                0x0000000008008900                AHBPrescTable
 .rodata.APBPrescTable
                0x0000000008008910        0x8 ./Core/Src/system_stm32f4xx.o
                0x0000000008008910                APBPrescTable
 .rodata._global_impure_ptr
                0x0000000008008918        0x4 c:/st/stm32cubeide_1.8.0/stm32cubeide/plugins/com.st.stm32cube.ide.mcu.externaltools.gnu-tools-for-stm32.9-2020-q2-update.win32_2.0.0.202105311346/tools/bin/../lib/gcc/arm-none-eabi/9.3.1/../../../../arm-none-eabi/lib/thumb/v7e-m+fp/hard\libc_nano.a(lib_a-impure.o)
                0x0000000008008918                _global_impure_ptr
 .rodata.__sf_fake_stderr
                0x000000000800891c       0x20 c:/st/stm32cubeide_1.8.0/stm32cubeide/plugins/com.st.stm32cube.ide.mcu.externaltools.gnu-tools-for-stm32.9-2020-q2-update.win32_2.0.0.202105311346/tools/bin/../lib/gcc/arm-none-eabi/9.3.1/../../../../arm-none-eabi/lib/thumb/v7e-m+fp/hard\libc_nano.a(lib_a-findfp.o)
                0x000000000800891c                __sf_fake_stderr
 .rodata.__sf_fake_stdin
                0x000000000800893c       0x20 c:/st/stm32cubeide_1.8.0/stm32cubeide/plugins/com.st.stm32cube.ide.mcu.externaltools.gnu-tools-for-stm32.9-2020-q2-update.win32_2.0.0.202105311346/tools/bin/../lib/gcc/arm-none-eabi/9.3.1/../../../../arm-none-eabi/lib/thumb/v7e-m+fp/hard\libc_nano.a(lib_a-findfp.o)
                0x000000000800893c                __sf_fake_stdin
 .rodata.__sf_fake_stdout
                0x000000000800895c       0x20 c:/st/stm32cubeide_1.8.0/stm32cubeide/plugins/com.st.stm32cube.ide.mcu.externaltools.gnu-tools-for-stm32.9-2020-q2-update.win32_2.0.0.202105311346/tools/bin/../lib/gcc/arm-none-eabi/9.3.1/../../../../arm-none-eabi/lib/thumb/v7e-m+fp/hard\libc_nano.a(lib_a-findfp.o)
                0x000000000800895c                __sf_fake_stdout
 .rodata._vfprintf_r.str1.1
                0x000000000800897c       0x11 c:/st/stm32cubeide_1.8.0/stm32cubeide/plugins/com.st.stm32cube.ide.mcu.externaltools.gnu-tools-for-stm32.9-2020-q2-update.win32_2.0.0.202105311346/tools/bin/../lib/gcc/arm-none-eabi/9.3.1/../../../../arm-none-eabi/lib/thumb/v7e-m+fp/hard\libc_nano.a(lib_a-nano-vfprintf.o)
 .rodata._printf_i.str1.1
                0x000000000800898d       0x22 c:/st/stm32cubeide_1.8.0/stm32cubeide/plugins/com.st.stm32cube.ide.mcu.externaltools.gnu-tools-for-stm32.9-2020-q2-update.win32_2.0.0.202105311346/tools/bin/../lib/gcc/arm-none-eabi/9.3.1/../../../../arm-none-eabi/lib/thumb/v7e-m+fp/hard\libc_nano.a(lib_a-nano-vfprintf_i.o)
                0x00000000080089b0                . = ALIGN (0x4)
 *fill*         0x00000000080089af        0x1 

.ARM.extab      0x00000000080089b0        0x0
                0x00000000080089b0                . = ALIGN (0x4)
 *(.ARM.extab* .gnu.linkonce.armextab.*)
                0x00000000080089b0                . = ALIGN (0x4)

.ARM            0x00000000080089b0        0x8
                0x00000000080089b0                . = ALIGN (0x4)
                0x00000000080089b0                __exidx_start = .
 *(.ARM.exidx*)
 .ARM.exidx     0x00000000080089b0        0x8 c:/st/stm32cubeide_1.8.0/stm32cubeide/plugins/com.st.stm32cube.ide.mcu.externaltools.gnu-tools-for-stm32.9-2020-q2-update.win32_2.0.0.202105311346/tools/bin/../lib/gcc/arm-none-eabi/9.3.1/thumb/v7e-m+fp/hard\libgcc.a(_udivmoddi4.o)
                0x00000000080089b8                __exidx_end = .
                0x00000000080089b8                . = ALIGN (0x4)

.rel.dyn        0x00000000080089b8        0x0
 .rel.iplt      0x00000000080089b8        0x0 c:/st/stm32cubeide_1.8.0/stm32cubeide/plugins/com.st.stm32cube.ide.mcu.externaltools.gnu-tools-for-stm32.9-2020-q2-update.win32_2.0.0.202105311346/tools/bin/../lib/gcc/arm-none-eabi/9.3.1/thumb/v7e-m+fp/hard/crtbegin.o

.preinit_array  0x00000000080089b8        0x0
                0x00000000080089b8                . = ALIGN (0x4)
                0x00000000080089b8                PROVIDE (__preinit_array_start = .)
 *(.preinit_array*)
                0x00000000080089b8                PROVIDE (__preinit_array_end = .)
                0x00000000080089b8                . = ALIGN (0x4)

.init_array     0x00000000080089b8        0x4
                0x00000000080089b8                . = ALIGN (0x4)
                0x00000000080089b8                PROVIDE (__init_array_start = .)
 *(SORT_BY_NAME(.init_array.*))
 *(.init_array*)
 .init_array    0x00000000080089b8        0x4 c:/st/stm32cubeide_1.8.0/stm32cubeide/plugins/com.st.stm32cube.ide.mcu.externaltools.gnu-tools-for-stm32.9-2020-q2-update.win32_2.0.0.202105311346/tools/bin/../lib/gcc/arm-none-eabi/9.3.1/thumb/v7e-m+fp/hard/crtbegin.o
                0x00000000080089bc                PROVIDE (__init_array_end = .)
                0x00000000080089bc                . = ALIGN (0x4)

.fini_array     0x00000000080089bc        0x4
                0x00000000080089bc                . = ALIGN (0x4)
                [!provide]                        PROVIDE (__fini_array_start = .)
 *(SORT_BY_NAME(.fini_array.*))
 *(.fini_array*)
 .fini_array    0x00000000080089bc        0x4 c:/st/stm32cubeide_1.8.0/stm32cubeide/plugins/com.st.stm32cube.ide.mcu.externaltools.gnu-tools-for-stm32.9-2020-q2-update.win32_2.0.0.202105311346/tools/bin/../lib/gcc/arm-none-eabi/9.3.1/thumb/v7e-m+fp/hard/crtbegin.o
                [!provide]                        PROVIDE (__fini_array_end = .)
                0x00000000080089c0                . = ALIGN (0x4)
                0x00000000080089c0                _sidata = LOADADDR (.data)

.data           0x0000000020000000       0x74 load address 0x00000000080089c0
                0x0000000020000000                . = ALIGN (0x4)
                0x0000000020000000                _sdata = .
 *(.data)
 *(.data*)
 .data.SystemCoreClock
                0x0000000020000000        0x4 ./Core/Src/system_stm32f4xx.o
                0x0000000020000000                SystemCoreClock
 .data.uwTickPrio
                0x0000000020000004        0x4 ./Drivers/STM32F4xx_HAL_Driver/Src/stm32f4xx_hal.o
                0x0000000020000004                uwTickPrio
 .data.uwTickFreq
                0x0000000020000008        0x1 ./Drivers/STM32F4xx_HAL_Driver/Src/stm32f4xx_hal.o
                0x0000000020000008                uwTickFreq
 *fill*         0x0000000020000009        0x3 
 .data.uxCriticalNesting
                0x000000002000000c        0x4 ./Middlewares/Third_Party/FreeRTOS/Source/portable/GCC/ARM_CM4F/port.o
 .data._impure_ptr
                0x0000000020000010        0x4 c:/st/stm32cubeide_1.8.0/stm32cubeide/plugins/com.st.stm32cube.ide.mcu.externaltools.gnu-tools-for-stm32.9-2020-q2-update.win32_2.0.0.202105311346/tools/bin/../lib/gcc/arm-none-eabi/9.3.1/../../../../arm-none-eabi/lib/thumb/v7e-m+fp/hard\libc_nano.a(lib_a-impure.o)
                0x0000000020000010                _impure_ptr
 .data.impure_data
                0x0000000020000014       0x60 c:/st/stm32cubeide_1.8.0/stm32cubeide/plugins/com.st.stm32cube.ide.mcu.externaltools.gnu-tools-for-stm32.9-2020-q2-update.win32_2.0.0.202105311346/tools/bin/../lib/gcc/arm-none-eabi/9.3.1/../../../../arm-none-eabi/lib/thumb/v7e-m+fp/hard\libc_nano.a(lib_a-impure.o)
 *(.RamFunc)
 *(.RamFunc*)
                0x0000000020000074                . = ALIGN (0x4)
                0x0000000020000074                _edata = .
                0x0000000008008a34                _siccmram = LOADADDR (.ccmram)

.igot.plt       0x0000000020000074        0x0 load address 0x0000000008008a34
 .igot.plt      0x0000000020000074        0x0 c:/st/stm32cubeide_1.8.0/stm32cubeide/plugins/com.st.stm32cube.ide.mcu.externaltools.gnu-tools-for-stm32.9-2020-q2-update.win32_2.0.0.202105311346/tools/bin/../lib/gcc/arm-none-eabi/9.3.1/thumb/v7e-m+fp/hard/crtbegin.o

.ccmram         0x0000000010000000        0x0 load address 0x0000000008008a34
                0x0000000010000000                . = ALIGN (0x4)
                0x0000000010000000                _sccmram = .
 *(.ccmram)
 *(.ccmram*)
                0x0000000010000000                . = ALIGN (0x4)
                0x0000000010000000                _eccmram = .
                0x0000000010000000                . = ALIGN (0x4)

.bss            0x0000000020000074     0x4cb4
                0x0000000020000074                _sbss = .
                0x0000000020000074                __bss_start__ = _sbss
 *(.bss)
 .bss           0x0000000020000074       0x1c c:/st/stm32cubeide_1.8.0/stm32cubeide/plugins/com.st.stm32cube.ide.mcu.externaltools.gnu-tools-for-stm32.9-2020-q2-update.win32_2.0.0.202105311346/tools/bin/../lib/gcc/arm-none-eabi/9.3.1/thumb/v7e-m+fp/hard/crtbegin.o
 *(.bss*)
 .bss.__sbrk_heap_end
                0x0000000020000090        0x4 ./Core/Src/sysmem.o
 .bss.KernelState
                0x0000000020000094        0x4 ./Middlewares/Third_Party/FreeRTOS/Source/CMSIS_RTOS_V2/cmsis_os2.o
 .bss.Idle_TCB.10374
                0x0000000020000098       0x5c ./Middlewares/Third_Party/FreeRTOS/Source/CMSIS_RTOS_V2/cmsis_os2.o
 .bss.Idle_Stack.10375
                0x00000000200000f4      0x200 ./Middlewares/Third_Party/FreeRTOS/Source/CMSIS_RTOS_V2/cmsis_os2.o
 .bss.Timer_TCB.10381
                0x00000000200002f4       0x5c ./Middlewares/Third_Party/FreeRTOS/Source/CMSIS_RTOS_V2/cmsis_os2.o
 .bss.Timer_Stack.10382
                0x0000000020000350      0x400 ./Middlewares/Third_Party/FreeRTOS/Source/CMSIS_RTOS_V2/cmsis_os2.o
 .bss.pxCurrentTCB
                0x0000000020000750        0x4 ./Middlewares/Third_Party/FreeRTOS/Source/tasks.o
                0x0000000020000750                pxCurrentTCB
 .bss.pxReadyTasksLists
                0x0000000020000754      0x460 ./Middlewares/Third_Party/FreeRTOS/Source/tasks.o
 .bss.xDelayedTaskList1
                0x0000000020000bb4       0x14 ./Middlewares/Third_Party/FreeRTOS/Source/tasks.o
 .bss.xDelayedTaskList2
                0x0000000020000bc8       0x14 ./Middlewares/Third_Party/FreeRTOS/Source/tasks.o
 .bss.pxDelayedTaskList
                0x0000000020000bdc        0x4 ./Middlewares/Third_Party/FreeRTOS/Source/tasks.o
 .bss.pxOverflowDelayedTaskList
                0x0000000020000be0        0x4 ./Middlewares/Third_Party/FreeRTOS/Source/tasks.o
 .bss.xPendingReadyList
                0x0000000020000be4       0x14 ./Middlewares/Third_Party/FreeRTOS/Source/tasks.o
 .bss.xTasksWaitingTermination
                0x0000000020000bf8       0x14 ./Middlewares/Third_Party/FreeRTOS/Source/tasks.o
 .bss.uxDeletedTasksWaitingCleanUp
                0x0000000020000c0c        0x4 ./Middlewares/Third_Party/FreeRTOS/Source/tasks.o
 .bss.xSuspendedTaskList
                0x0000000020000c10       0x14 ./Middlewares/Third_Party/FreeRTOS/Source/tasks.o
 .bss.uxCurrentNumberOfTasks
                0x0000000020000c24        0x4 ./Middlewares/Third_Party/FreeRTOS/Source/tasks.o
 .bss.xTickCount
                0x0000000020000c28        0x4 ./Middlewares/Third_Party/FreeRTOS/Source/tasks.o
 .bss.uxTopReadyPriority
                0x0000000020000c2c        0x4 ./Middlewares/Third_Party/FreeRTOS/Source/tasks.o
 .bss.xSchedulerRunning
                0x0000000020000c30        0x4 ./Middlewares/Third_Party/FreeRTOS/Source/tasks.o
 .bss.xPendedTicks
                0x0000000020000c34        0x4 ./Middlewares/Third_Party/FreeRTOS/Source/tasks.o
 .bss.xYieldPending
                0x0000000020000c38        0x4 ./Middlewares/Third_Party/FreeRTOS/Source/tasks.o
 .bss.xNumOfOverflows
                0x0000000020000c3c        0x4 ./Middlewares/Third_Party/FreeRTOS/Source/tasks.o
 .bss.uxTaskNumber
                0x0000000020000c40        0x4 ./Middlewares/Third_Party/FreeRTOS/Source/tasks.o
 .bss.xNextTaskUnblockTime
                0x0000000020000c44        0x4 ./Middlewares/Third_Party/FreeRTOS/Source/tasks.o
 .bss.xIdleTaskHandle
                0x0000000020000c48        0x4 ./Middlewares/Third_Party/FreeRTOS/Source/tasks.o
 .bss.uxSchedulerSuspended
                0x0000000020000c4c        0x4 ./Middlewares/Third_Party/FreeRTOS/Source/tasks.o
 .bss.xActiveTimerList1
                0x0000000020000c50       0x14 ./Middlewares/Third_Party/FreeRTOS/Source/timers.o
 .bss.xActiveTimerList2
                0x0000000020000c64       0x14 ./Middlewares/Third_Party/FreeRTOS/Source/timers.o
 .bss.pxCurrentTimerList
                0x0000000020000c78        0x4 ./Middlewares/Third_Party/FreeRTOS/Source/timers.o
 .bss.pxOverflowTimerList
                0x0000000020000c7c        0x4 ./Middlewares/Third_Party/FreeRTOS/Source/timers.o
 .bss.xTimerQueue
                0x0000000020000c80        0x4 ./Middlewares/Third_Party/FreeRTOS/Source/timers.o
 .bss.xTimerTaskHandle
                0x0000000020000c84        0x4 ./Middlewares/Third_Party/FreeRTOS/Source/timers.o
 .bss.xLastTime.6925
                0x0000000020000c88        0x4 ./Middlewares/Third_Party/FreeRTOS/Source/timers.o
 .bss.ucStaticTimerQueueStorage.6976
                0x0000000020000c8c       0xa0 ./Middlewares/Third_Party/FreeRTOS/Source/timers.o
 .bss.xStaticTimerQueue.6975
                0x0000000020000d2c       0x50 ./Middlewares/Third_Party/FreeRTOS/Source/timers.o
 .bss.ucMaxSysCallPriority
                0x0000000020000d7c        0x1 ./Middlewares/Third_Party/FreeRTOS/Source/portable/GCC/ARM_CM4F/port.o
 *fill*         0x0000000020000d7d        0x3 
 .bss.ulMaxPRIGROUPValue
                0x0000000020000d80        0x4 ./Middlewares/Third_Party/FreeRTOS/Source/portable/GCC/ARM_CM4F/port.o
 .bss.ucHeap    0x0000000020000d84     0x3c00 ./Middlewares/Third_Party/FreeRTOS/Source/portable/MemMang/heap_4.o
 .bss.xStart    0x0000000020004984        0x8 ./Middlewares/Third_Party/FreeRTOS/Source/portable/MemMang/heap_4.o
 .bss.pxEnd     0x000000002000498c        0x4 ./Middlewares/Third_Party/FreeRTOS/Source/portable/MemMang/heap_4.o
 .bss.xFreeBytesRemaining
                0x0000000020004990        0x4 ./Middlewares/Third_Party/FreeRTOS/Source/portable/MemMang/heap_4.o
 .bss.xMinimumEverFreeBytesRemaining
                0x0000000020004994        0x4 ./Middlewares/Third_Party/FreeRTOS/Source/portable/MemMang/heap_4.o
 .bss.xNumberOfSuccessfulAllocations
                0x0000000020004998        0x4 ./Middlewares/Third_Party/FreeRTOS/Source/portable/MemMang/heap_4.o
 .bss.xNumberOfSuccessfulFrees
                0x000000002000499c        0x4 ./Middlewares/Third_Party/FreeRTOS/Source/portable/MemMang/heap_4.o
 .bss.xBlockAllocatedBit
                0x00000000200049a0        0x4 ./Middlewares/Third_Party/FreeRTOS/Source/portable/MemMang/heap_4.o
 .bss.__malloc_free_list
                0x00000000200049a4        0x4 c:/st/stm32cubeide_1.8.0/stm32cubeide/plugins/com.st.stm32cube.ide.mcu.externaltools.gnu-tools-for-stm32.9-2020-q2-update.win32_2.0.0.202105311346/tools/bin/../lib/gcc/arm-none-eabi/9.3.1/../../../../arm-none-eabi/lib/thumb/v7e-m+fp/hard\libc_nano.a(lib_a-nano-mallocr.o)
                0x00000000200049a4                __malloc_free_list
 .bss.__malloc_sbrk_start
                0x00000000200049a8        0x4 c:/st/stm32cubeide_1.8.0/stm32cubeide/plugins/com.st.stm32cube.ide.mcu.externaltools.gnu-tools-for-stm32.9-2020-q2-update.win32_2.0.0.202105311346/tools/bin/../lib/gcc/arm-none-eabi/9.3.1/../../../../arm-none-eabi/lib/thumb/v7e-m+fp/hard\libc_nano.a(lib_a-nano-mallocr.o)
                0x00000000200049a8                __malloc_sbrk_start
 *(COMMON)
 COMMON         0x00000000200049ac       0xc5 ./Core/Src/bsp_spi.o
                0x00000000200049ac                result1
                0x00000000200049ad                result2
                0x00000000200049ae                Count
                0x00000000200049b0                hspi_SPI
                0x0000000020004a08                SI4432_RxCount
                0x0000000020004a09                res
                0x0000000020004a0c                SI4432_RxBUFF
                0x0000000020004a70                SI4432_RxLenth
 *fill*         0x0000000020004a71        0x3 
 COMMON         0x0000000020004a74       0x68 ./Core/Src/can.o
                0x0000000020004a74                sFilterConfig
                0x0000000020004a9c                hcan1
                0x0000000020004ac4                TxMessage
 COMMON         0x0000000020004adc      0x114 ./Core/Src/freertos.o
                0x0000000020004adc                defaultTaskHandle
                0x0000000020004ae0                statelightHandle
                0x0000000020004ae4                RxBuffer
                0x0000000020004be4                data
                0x0000000020004be8                beepTaskHandle
                0x0000000020004bec                CANTaskHandle
 COMMON         0x0000000020004bf0       0x58 ./Core/Src/spi.o
                0x0000000020004bf0                hspi1
 COMMON         0x0000000020004c48       0x48 ./Core/Src/stm32f4xx_hal_timebase_tim.o
                0x0000000020004c48                htim1
 COMMON         0x0000000020004c90       0x44 ./Core/Src/usart.o
                0x0000000020004c90                huart1
 COMMON         0x0000000020004cd4        0x4 ./Drivers/STM32F4xx_HAL_Driver/Src/stm32f4xx_hal.o
                0x0000000020004cd4                uwTick
 COMMON         0x0000000020004cd8       0x40 ./Middlewares/Third_Party/FreeRTOS/Source/queue.o
                0x0000000020004cd8                xQueueRegistry
 COMMON         0x0000000020004d18        0x9 c:/st/stm32cubeide_1.8.0/stm32cubeide/plugins/com.st.stm32cube.ide.mcu.externaltools.gnu-tools-for-stm32.9-2020-q2-update.win32_2.0.0.202105311346/tools/bin/../lib/gcc/arm-none-eabi/9.3.1/../../../../arm-none-eabi/lib/thumb/v7e-m+fp/hard\libc_nano.a(lib_a-lock.o)
                0x0000000020004d18                __lock___atexit_recursive_mutex
                0x0000000020004d19                __lock___arc4random_mutex
                0x0000000020004d1a                __lock___env_recursive_mutex
                0x0000000020004d1b                __lock___sinit_recursive_mutex
                0x0000000020004d1c                __lock___malloc_recursive_mutex
                0x0000000020004d1d                __lock___at_quick_exit_mutex
                0x0000000020004d1e                __lock___dd_hash_mutex
                0x0000000020004d1f                __lock___tz_mutex
                0x0000000020004d20                __lock___sfp_recursive_mutex
 *fill*         0x0000000020004d21        0x3 
 COMMON         0x0000000020004d24        0x4 c:/st/stm32cubeide_1.8.0/stm32cubeide/plugins/com.st.stm32cube.ide.mcu.externaltools.gnu-tools-for-stm32.9-2020-q2-update.win32_2.0.0.202105311346/tools/bin/../lib/gcc/arm-none-eabi/9.3.1/../../../../arm-none-eabi/lib/thumb/v7e-m+fp/hard\libc_nano.a(lib_a-reent.o)
                0x0000000020004d24                errno
                0x0000000020004d28                . = ALIGN (0x4)
                0x0000000020004d28                _ebss = .
                0x0000000020004d28                __bss_end__ = _ebss

._user_heap_stack
                0x0000000020004d28      0x600
                0x0000000020004d28                . = ALIGN (0x8)
                [!provide]                        PROVIDE (end = .)
                0x0000000020004d28                PROVIDE (_end = .)
                0x0000000020004f28                . = (. + _Min_Heap_Size)
 *fill*         0x0000000020004d28      0x200 
                0x0000000020005328                . = (. + _Min_Stack_Size)
 *fill*         0x0000000020004f28      0x400 
                0x0000000020005328                . = ALIGN (0x8)

/DISCARD/
 libc.a(*)
 libm.a(*)
 libgcc.a(*)

.ARM.attributes
                0x0000000000000000       0x30
 *(.ARM.attributes)
 .ARM.attributes
                0x0000000000000000       0x1e c:/st/stm32cubeide_1.8.0/stm32cubeide/plugins/com.st.stm32cube.ide.mcu.externaltools.gnu-tools-for-stm32.9-2020-q2-update.win32_2.0.0.202105311346/tools/bin/../lib/gcc/arm-none-eabi/9.3.1/thumb/v7e-m+fp/hard/crti.o
 .ARM.attributes
                0x000000000000001e       0x34 c:/st/stm32cubeide_1.8.0/stm32cubeide/plugins/com.st.stm32cube.ide.mcu.externaltools.gnu-tools-for-stm32.9-2020-q2-update.win32_2.0.0.202105311346/tools/bin/../lib/gcc/arm-none-eabi/9.3.1/thumb/v7e-m+fp/hard/crtbegin.o
 .ARM.attributes
                0x0000000000000052       0x34 ./Core/Src/bsp_beep.o
 .ARM.attributes
                0x0000000000000086       0x34 ./Core/Src/bsp_key.o
 .ARM.attributes
                0x00000000000000ba       0x34 ./Core/Src/bsp_led.o
 .ARM.attributes
                0x00000000000000ee       0x34 ./Core/Src/bsp_spi.o
 .ARM.attributes
                0x0000000000000122       0x34 ./Core/Src/can.o
 .ARM.attributes
                0x0000000000000156       0x34 ./Core/Src/freertos.o
 .ARM.attributes
                0x000000000000018a       0x34 ./Core/Src/gpio.o
 .ARM.attributes
                0x00000000000001be       0x34 ./Core/Src/main.o
 .ARM.attributes
                0x00000000000001f2       0x34 ./Core/Src/spi.o
 .ARM.attributes
                0x0000000000000226       0x34 ./Core/Src/stm32f4xx_hal_msp.o
 .ARM.attributes
                0x000000000000025a       0x34 ./Core/Src/stm32f4xx_hal_timebase_tim.o
 .ARM.attributes
                0x000000000000028e       0x34 ./Core/Src/stm32f4xx_it.o
 .ARM.attributes
                0x00000000000002c2       0x34 ./Core/Src/syscalls.o
 .ARM.attributes
                0x00000000000002f6       0x34 ./Core/Src/sysmem.o
 .ARM.attributes
                0x000000000000032a       0x34 ./Core/Src/system_stm32f4xx.o
 .ARM.attributes
                0x000000000000035e       0x34 ./Core/Src/usart.o
 .ARM.attributes
                0x0000000000000392       0x21 ./Core/Startup/startup_stm32f407igtx.o
 .ARM.attributes
                0x00000000000003b3       0x34 ./Drivers/STM32F4xx_HAL_Driver/Src/stm32f4xx_hal.o
 .ARM.attributes
                0x00000000000003e7       0x34 ./Drivers/STM32F4xx_HAL_Driver/Src/stm32f4xx_hal_can.o
 .ARM.attributes
                0x000000000000041b       0x34 ./Drivers/STM32F4xx_HAL_Driver/Src/stm32f4xx_hal_cortex.o
 .ARM.attributes
                0x000000000000044f       0x34 ./Drivers/STM32F4xx_HAL_Driver/Src/stm32f4xx_hal_dma.o
 .ARM.attributes
                0x0000000000000483       0x34 ./Drivers/STM32F4xx_HAL_Driver/Src/stm32f4xx_hal_gpio.o
 .ARM.attributes
                0x00000000000004b7       0x34 ./Drivers/STM32F4xx_HAL_Driver/Src/stm32f4xx_hal_rcc.o
 .ARM.attributes
                0x00000000000004eb       0x34 ./Drivers/STM32F4xx_HAL_Driver/Src/stm32f4xx_hal_spi.o
 .ARM.attributes
                0x000000000000051f       0x34 ./Drivers/STM32F4xx_HAL_Driver/Src/stm32f4xx_hal_tim.o
 .ARM.attributes